INFO:DUKASCRIPT:current timestamp :2019-10-23T17:00:00
INFO:DUKASCRIPT:current timestamp :2015-01-30T17:45:00
INFO:DUKASCRIPT:current timestamp :2015-03-02T14:15:00
INFO:DUKASCRIPT:current timestamp :2015-03-31T10:15:00
INFO:DUKASCRIPT:current timestamp :2015-04-29T06:15:00
INFO:DUKASCRIPT:current timestamp :2015-05-28T03:30:00
INFO:DUKASCRIPT:current timestamp :2015-06-25T23:45:00
INFO:DUKASCRIPT:current timestamp :2015-07-24T20:00:00
INFO:DUKASCRIPT:current timestamp :2015-08-24T16:45:00
INFO:DUKASCRIPT:current timestamp :2015-09-22T13:15:00
INFO:DUKASCRIPT:current timestamp :2015-10-21T09:30:00
INFO:DUKASCRIPT:current timestamp :2015-11-19T06:00:00
INFO:DUKASCRIPT:current timestamp :2015-12-18T02:15:00
INFO:DUKASCRIPT:current timestamp :2016-01-19T14:30:00
INFO:DUKASCRIPT:current timestamp :2016-02-17T10:15:00
INFO:DUKASCRIPT:current timestamp :2016-03-17T05:00:00
INFO:DUKASCRIPT:current timestamp :2016-04-15T04:45:00
INFO:DUKASCRIPT:current timestamp :2016-05-16T00:45:00
INFO:DUKASCRIPT:current timestamp :2016-06-13T21:15:00
INFO:DUKASCRIPT:current timestamp :2016-07-12T17:30:00
INFO:DUKASCRIPT:current timestamp :2016-08-10T13:30:00
INFO:DUKASCRIPT:current timestamp :2016-09-08T09:30:00
INFO:DUKASCRIPT:current timestamp :2016-10-07T05:45:00
INFO:DUKASCRIPT:current timestamp :2016-11-07T02:00:00
INFO:DUKASCRIPT:current timestamp :2016-12-05T22:30:00
INFO:DUKASCRIPT:current timestamp :2017-01-03T22:15:00
INFO:DUKASCRIPT:current timestamp :2017-02-01T18:15:00
INFO:DUKASCRIPT:current timestamp :2017-03-02T14:15:00
INFO:DUKASCRIPT:current timestamp :2017-03-31T10:15:00
INFO:DUKASCRIPT:current timestamp :2017-05-01T07:00:00
INFO:DUKASCRIPT:current timestamp :2017-05-30T03:15:00
INFO:DUKASCRIPT:current timestamp :2017-06-27T23:15:00
INFO:DUKASCRIPT:current timestamp :2017-07-26T19:00:00
INFO:DUKASCRIPT:current timestamp :2017-08-24T14:45:00
INFO:DUKASCRIPT:current timestamp :2017-09-22T10:45:00
INFO:DUKASCRIPT:current timestamp :2017-10-23T07:00:00
INFO:DUKASCRIPT:current timestamp :2017-11-21T03:15:00
INFO:DUKASCRIPT:current timestamp :2017-12-19T23:00:00
INFO:DUKASCRIPT:current timestamp :2018-01-19T10:30:00
INFO:DUKASCRIPT:current timestamp :2018-02-19T06:15:00
INFO:DUKASCRIPT:current timestamp :2018-03-20T01:00:00
INFO:DUKASCRIPT:current timestamp :2018-04-17T21:45:00
INFO:DUKASCRIPT:current timestamp :2018-05-16T17:30:00
INFO:DUKASCRIPT:current timestamp :2018-06-14T13:15:00
INFO:DUKASCRIPT:current timestamp :2018-07-13T09:00:00
INFO:DUKASCRIPT:current timestamp :2018-08-13T04:45:00
INFO:DUKASCRIPT:current timestamp :2018-09-11T00:45:00
INFO:DUKASCRIPT:current timestamp :2018-10-09T20:30:00
INFO:DUKASCRIPT:current timestamp :2018-11-07T16:15:00
INFO:DUKASCRIPT:current timestamp :2018-12-06T12:00:00
INFO:DUKASCRIPT:current timestamp :2019-01-07T22:15:00
INFO:DUKASCRIPT:current timestamp :2019-02-05T18:00:00
INFO:DUKASCRIPT:current timestamp :2019-03-06T13:45:00
INFO:DUKASCRIPT:current timestamp :2019-04-04T09:30:00
INFO:DUKASCRIPT:current timestamp :2019-05-03T05:15:00
INFO:DUKASCRIPT:current timestamp :2019-06-03T01:00:00
INFO:DUKASCRIPT:current timestamp :2019-07-01T20:45:00
INFO:DUKASCRIPT:current timestamp :2019-07-30T16:45:00
INFO:DUKASCRIPT:current timestamp :2019-08-28T12:30:00
INFO:DUKASCRIPT:current timestamp :2019-09-26T09:00:00
INFO:DUKASCRIPT:current timestamp :2019-10-25T05:00:00
INFO:DUKASCRIPT:current timestamp :2019-11-25T01:15:00
INFO:DUKASCRIPT:current timestamp :2019-12-23T21:15:00
INFO:DUKASCRIPT:current timestamp :2020-01-23T08:45:00
INFO:DUKASCRIPT:current timestamp :2020-02-21T06:00:00
INFO:DUKASCRIPT:current timestamp :2020-03-23T01:00:00
INFO:DUKASCRIPT:current timestamp :2020-04-20T22:30:00
INFO:DUKASCRIPT:current timestamp :2020-05-19T19:15:00
INFO:DUKASCRIPT:current timestamp :2020-06-17T16:00:00
INFO:DUKASCRIPT:current timestamp :2020-07-16T13:45:00
INFO:DUKASCRIPT:current timestamp :2020-08-14T11:45:00
INFO:DUKASCRIPT:current timestamp :2020-09-14T11:00:00
INFO:DUKASCRIPT:current timestamp :2020-10-13T10:30:00
INFO:DUKASCRIPT:current timestamp :2020-11-11T08:15:00
INFO:DUKASCRIPT:current timestamp :2020-12-10T06:30:00
INFO:DUKASCRIPT:current timestamp :2021-01-11T20:00:00
INFO:DUKASCRIPT:current timestamp :2021-02-09T18:30:00
INFO:DUKASCRIPT:current timestamp :2021-03-10T17:15:00
INFO:DUKASCRIPT:current timestamp :2021-04-08T17:00:00
INFO:DUKASCRIPT:current timestamp :2021-05-07T20:15:00
INFO:DUKASCRIPT:current timestamp :2021-06-07T21:30:00
INFO:DUKASCRIPT:current timestamp :2021-07-06T22:30:00
INFO:DUKASCRIPT:current timestamp :2021-08-04T23:00:00
INFO:DUKASCRIPT:current timestamp :2021-09-03T04:30:00
INFO:DUKASCRIPT:current timestamp :2021-10-04T06:00:00
INFO:DUKASCRIPT:current timestamp :2021-11-02T06:30:00
INFO:DUKASCRIPT:current timestamp :2021-12-01T05:30:00
INFO:DUKASCRIPT:current timestamp :2021-12-30T05:00:00
Stage-1 cells entering Stage 2 (+parked_weak): 21
    H1 double_top_completion          n=   222 effect=+0.379 p=0.0060 [parked_weak_effect]
    H1 equal_highs_pool               n=   297 effect=+0.268 p=0.0440 [parked_weak_effect]
    H1 fib_786_tag                    n=   880 effect=+0.155 p=0.0395 [parked_weak_effect]
    H1 ntouch_resistance_touch        n=   873 effect=+0.208 p=0.0075 [parked_weak_effect]
    H1 trendline_resistance_touch     n=  2501 effect=+0.087 p=0.0380 [parked_weak_effect]
    H1 trendline_support_touch        n=  2399 effect=+0.098 p=0.0290 [parked_weak_effect]
   M15 asia_high_sweep                n=  1014 effect=+0.168 p=0.0430 [parked_weak_effect]
   M15 bullish_fvg_touch              n= 10627 effect=+0.066 p=0.0050 [parked_weak_effect]
   M15 channel_bottom_touch           n= 19457 effect=+0.044 p=0.0145 [parked_weak_effect]
   M15 channel_top_touch              n= 19793 effect=+0.075 p=0.0005 [alive]
   M15 double_top_completion          n=  1137 effect=+0.202 p=0.0040 [parked_weak_effect]
   M15 fib_382_tag                    n=  5177 effect=+0.109 p=0.0030 [parked_weak_effect]
   M15 fib_50_tag                     n=  5134 effect=+0.152 p=0.0005 [alive]
   M15 fib_618_tag                    n=  4676 effect=+0.124 p=0.0010 [alive]
   M15 fib_ext_1272_tag               n=  2482 effect=+0.189 p=0.0010 [alive]
   M15 ntouch_resistance_touch        n=  3404 effect=+0.112 p=0.0100 [parked_weak_effect]
   M15 ote_tag                        n=  4674 effect=+0.113 p=0.0035 [parked_weak_effect]
   M15 trendline_break_retest_bullish n=  3003 effect=+0.108 p=0.0200 [parked_weak_effect]
   M15 trendline_liquidity_sweep_low  n=  1133 effect=+0.303 p=0.0005 [alive]
   M15 trendline_resistance_touch     n= 11365 effect=+0.045 p=0.0385 [parked_weak_effect]
   M15 trendline_support_touch        n= 11339 effect=+0.075 p=0.0040 [parked_weak_effect]

Stage-2 pair registry (65 pairs):
  H1:double_top_completion           x M15:channel_top_touch              n= 1893 lift=+0.124 p=0.0010 [alive]
  H1:double_top_completion           x M15:fib_382_tag                    n=  262 lift=+0.175 p=0.0010 [alive]
  H1:double_top_completion           x M15:fib_50_tag                     n=  226 lift=+0.212 p=0.0010 [alive]
  H1:double_top_completion           x M15:fib_618_tag                    n=  213 lift=+0.196 p=0.0010 [alive]
  H1:double_top_completion           x M15:fib_ext_1272_tag               n=   88 lift=+0.487 p=0.0010 [alive]
  H1:double_top_completion           x M15:ntouch_resistance_touch        n=  263 lift=+0.347 p=0.0010 [alive]
  H1:double_top_completion           x M15:ote_tag                        n=  213 lift=+0.194 p=0.0010 [alive]
  H1:double_top_completion           x M15:trendline_resistance_touch     n= 1021 lift=+0.161 p=0.0010 [alive]
  H1:equal_highs_pool                x M15:bullish_fvg_touch              n= 1319 lift=+0.132 p=0.0010 [alive]
  H1:equal_highs_pool                x M15:channel_bottom_touch           n= 2416 lift=+0.124 p=0.0010 [alive]
  H1:equal_highs_pool                x M15:fib_382_tag                    n=  317 lift=+0.163 p=0.0010 [alive]
  H1:equal_highs_pool                x M15:fib_50_tag                     n=  305 lift=+0.243 p=0.0010 [alive]
  H1:equal_highs_pool                x M15:fib_618_tag                    n=  274 lift=+0.276 p=0.0010 [alive]
  H1:equal_highs_pool                x M15:fib_ext_1272_tag               n=  179 lift=+0.324 p=0.0010 [alive]
  H1:equal_highs_pool                x M15:ote_tag                        n=  274 lift=+0.275 p=0.0010 [alive]
  H1:equal_highs_pool                x M15:trendline_support_touch        n= 1327 lift=+0.148 p=0.0010 [alive]
  H1:fib_786_tag                     x M15:bullish_fvg_touch              n= 2121 lift=+0.102 p=0.0010 [alive]
  H1:fib_786_tag                     x M15:channel_bottom_touch           n= 3654 lift=+0.123 p=0.0010 [alive]
  H1:fib_786_tag                     x M15:channel_top_touch              n= 3404 lift=+0.130 p=0.0010 [alive]
  H1:fib_786_tag                     x M15:fib_382_tag                    n=  886 lift=+0.154 p=0.0010 [alive]
  H1:fib_786_tag                     x M15:fib_50_tag                     n=  892 lift=+0.171 p=0.0010 [alive]
  H1:fib_786_tag                     x M15:fib_618_tag                    n=  821 lift=+0.244 p=0.0010 [alive]
  H1:fib_786_tag                     x M15:fib_ext_1272_tag               n=  650 lift=+0.290 p=0.0010 [alive]
  H1:fib_786_tag                     x M15:ntouch_resistance_touch        n=  846 lift=+0.324 p=0.0010 [alive]
  H1:fib_786_tag                     x M15:ote_tag                        n=  821 lift=+0.243 p=0.0010 [alive]
  H1:fib_786_tag                     x M15:trendline_resistance_touch     n= 2121 lift=+0.116 p=0.0010 [alive]
  H1:fib_786_tag                     x M15:trendline_support_touch        n= 2082 lift=+0.128 p=0.0010 [alive]
  H1:ntouch_resistance_touch         x M15:channel_top_touch              n= 5790 lift=+0.131 p=0.0010 [alive]
  H1:ntouch_resistance_touch         x M15:fib_382_tag                    n=  732 lift=+0.165 p=0.0010 [alive]
  H1:ntouch_resistance_touch         x M15:fib_50_tag                     n=  749 lift=+0.211 p=0.0010 [alive]
  H1:ntouch_resistance_touch         x M15:fib_618_tag                    n=  687 lift=+0.206 p=0.0010 [alive]
  H1:ntouch_resistance_touch         x M15:fib_ext_1272_tag               n=  529 lift=+0.321 p=0.0010 [alive]
  H1:ntouch_resistance_touch         x M15:ntouch_resistance_touch        n= 1463 lift=+0.318 p=0.0010 [alive]
  H1:ntouch_resistance_touch         x M15:ote_tag                        n=  687 lift=+0.206 p=0.0010 [alive]
  H1:ntouch_resistance_touch         x M15:trendline_resistance_touch     n= 3484 lift=+0.128 p=0.0010 [alive]
  H1:trendline_resistance_touch      x M15:channel_top_touch              n=10126 lift=+0.142 p=0.0010 [alive]
  H1:trendline_resistance_touch      x M15:fib_382_tag                    n= 1300 lift=+0.162 p=0.0010 [alive]
  H1:trendline_resistance_touch      x M15:fib_50_tag                     n= 1307 lift=+0.182 p=0.0010 [alive]
  H1:trendline_resistance_touch      x M15:fib_618_tag                    n= 1200 lift=+0.236 p=0.0010 [alive]
  H1:trendline_resistance_touch      x M15:fib_ext_1272_tag               n=  762 lift=+0.317 p=0.0010 [alive]
  H1:trendline_resistance_touch      x M15:ntouch_resistance_touch        n= 1998 lift=+0.292 p=0.0010 [alive]
  H1:trendline_resistance_touch      x M15:ote_tag                        n= 1200 lift=+0.237 p=0.0010 [alive]
  H1:trendline_resistance_touch      x M15:trendline_resistance_touch     n= 6063 lift=+0.146 p=0.0010 [alive]
  H1:trendline_support_touch         x M15:bullish_fvg_touch              n= 5288 lift=+0.112 p=0.0010 [alive]
  H1:trendline_support_touch         x M15:channel_bottom_touch           n= 9664 lift=+0.123 p=0.0010 [alive]
  H1:trendline_support_touch         x M15:fib_382_tag                    n= 1272 lift=+0.170 p=0.0010 [alive]
  H1:trendline_support_touch         x M15:fib_50_tag                     n= 1276 lift=+0.230 p=0.0010 [alive]
  H1:trendline_support_touch         x M15:fib_618_tag                    n= 1178 lift=+0.259 p=0.0010 [alive]
  H1:trendline_support_touch         x M15:fib_ext_1272_tag               n=  664 lift=+0.350 p=0.0010 [alive]
  H1:trendline_support_touch         x M15:ote_tag                        n= 1178 lift=+0.258 p=0.0010 [alive]
  H1:trendline_support_touch         x M15:trendline_support_touch        n= 5816 lift=+0.145 p=0.0010 [alive]
  H1:trendline_support_touch         x M15:trendline_liquidity_sweep_low  n=  542 lift=+0.067 p=0.0569 [dead]
  H1:equal_highs_pool                x M15:trendline_liquidity_sweep_low  n=  153 lift=+0.090 p=0.0769 [dead]
  H1:trendline_support_touch         x M15:trendline_break_retest_bullish n= 1506 lift=+0.032 p=0.0869 [dead]
  H1:fib_786_tag                     x M15:trendline_liquidity_sweep_low  n=  228 lift=+0.097 p=0.1239 [dead]
  H1:fib_786_tag                     x M15:trendline_break_retest_bullish n=  580 lift=+0.032 p=0.2318 [dead]
  H1:double_top_completion           x M15:asia_high_sweep                n=   67 lift=+0.042 p=0.3317 [dead]
  H1:equal_highs_pool                x M15:trendline_break_retest_bullish n=  394 lift=+0.017 p=0.3487 [dead]
  H1:trendline_resistance_touch      x M15:asia_high_sweep                n=  526 lift=-0.060 p=0.9450 [dead]
  H1:ntouch_resistance_touch         x M15:asia_high_sweep                n=  370 lift=-0.083 p=0.9620 [dead]
  H1:double_top_completion           x M15:double_top_completion          n=  140 lift=-0.301 p=1.0000 [dead]
  H1:fib_786_tag                     x M15:asia_high_sweep                n=  187 lift=-0.260 p=1.0000 [dead]
  H1:fib_786_tag                     x M15:double_top_completion          n=  182 lift=-0.377 p=1.0000 [dead]
  H1:ntouch_resistance_touch         x M15:double_top_completion          n=  298 lift=-0.469 p=1.0000 [dead]
  H1:trendline_resistance_touch      x M15:double_top_completion          n=  566 lift=-0.481 p=1.0000 [dead]

registry: output/stage2_EURUSD_2026-06-12_1348.jsonl
