[CANONICAL] Test A Stage 1 — EURUSD, split 2022-01-01..2024-12-31, TFs: D1, H4, H1, M15
  D1: 938 bars
  H4: 4833 bars
  H1: 18730 bars
  M15: 74770 bars

Stage-1 verdict registry
================================================================================================
tf    event_type                          n   evMFE   ctMFE  effect   hit%  ctHit%        p  verdict
------------------------------------------------------------------------------------------------
M15   ntouch_resistance_touch          1399   2.838   2.537  +0.301  50.0%   47.5%   0.0010  parked_weak_effect
M15   trendline_support_touch          4716   2.536   2.425  +0.110  48.0%   47.8%   0.0040  parked_weak_effect
M15   trendline_liquidity_sweep_low     508   2.749   2.441  +0.308  49.2%   47.9%   0.0065  parked_weak_effect
H1    channel_bottom_touch             1966   2.645   2.507  +0.138  48.7%   49.2%   0.0075  parked_weak_effect
M15   ntouch_support_touch             1414   2.724   2.577  +0.148  49.4%   47.5%   0.0200  parked_weak_effect
H1    trendline_resistance_touch       1039   2.733   2.572  +0.160  49.7%   47.6%   0.0235  parked_weak_effect
M15   liquidity_sweep_high              314   2.931   2.573  +0.358  46.8%   47.3%   0.0245  parked_weak_effect
M15   channel_top_touch                8288   2.602   2.539  +0.063  46.8%   47.4%   0.0295  parked_weak_effect
M15   channel_bottom_touch             8009   2.531   2.473  +0.058  47.9%   47.9%   0.0340  parked_weak_effect
M15   trendline_resistance_touch       4752   2.536   2.457  +0.079  48.2%   47.1%   0.0350  parked_weak_effect
H4    pwh_touch                         153   2.819   2.489  +0.330  49.0%   46.1%   0.0375  parked_weak_effect
M15   entered_discount                 1706   2.478   2.374  +0.103  50.1%   47.5%   0.0410  parked_weak_effect
M15   double_top_completion             484   2.940   2.676  +0.265  48.5%   50.0%   0.0475  parked_weak_effect
H1    triple_bottom_completion           14   3.120   1.860  +1.260  50.0%   50.0%   0.0125  parked_insufficient_n
H1    symmetrical_triangle_breakout_down     11   4.154   2.546  +1.608  72.7%   69.1%   0.0255  parked_insufficient_n
M15   descending_triangle_breakout       21   4.059   2.410  +1.649  42.9%   42.9%   0.0425  parked_insufficient_n
H4    triple_bottom_completion            4   4.243   2.295  +1.948  50.0%   65.0%   0.0545  parked_insufficient_n
D1    fib_382_tag                        30   3.449   2.783  +0.667  53.3%   44.0%   0.0600  parked_insufficient_n
H4    supply_zone_touch                  78   2.677   2.318  +0.359  48.7%   49.0%   0.0675  parked_insufficient_n
D1    fib_ext_1618_tag                    6   3.576   2.555  +1.021  83.3%   33.3%   0.0720  parked_insufficient_n
H4    hs_completion                      10   3.178   2.173  +1.005  50.0%   46.0%   0.0855  parked_insufficient_n
D1    trendline_break_retest_bullish     17   3.211   2.580  +0.631  70.6%   54.1%   0.0875  parked_insufficient_n
H4    double_top_completion              36   3.119   2.599  +0.520  61.1%   52.8%   0.0940  parked_insufficient_n
M15   symmetrical_triangle_breakout_up     55   2.617   2.201  +0.416  61.8%   49.5%   0.0945  parked_insufficient_n
D1    outside_bar_bear                   72   3.364   2.989  +0.375  47.2%   47.5%   0.1009  parked_insufficient_n
D1    choch_bearish                      12   3.833   2.883  +0.950  75.0%   41.7%   0.1074  parked_insufficient_n
H4    liquidity_sweep_low                10   3.364   2.600  +0.763  60.0%   56.0%   0.1119  parked_insufficient_n
D1    pwh_touch                          85   3.432   3.097  +0.334  42.4%   44.9%   0.1289  parked_insufficient_n
D1    tweezer_bottom                     66   3.121   2.809  +0.312  57.6%   49.7%   0.1429  parked_insufficient_n
H4    entered_premium                    84   2.760   2.528  +0.232  57.1%   47.4%   0.1564  parked_insufficient_n
H4    ntouch_resistance_touch            85   2.860   2.618  +0.241  57.6%   49.6%   0.1574  parked_insufficient_n
D1    trendline_liquidity_sweep_low       6   3.365   2.415  +0.950  50.0%   26.7%   0.1714  parked_insufficient_n
D1    entered_discount                   15   3.158   2.631  +0.527  26.7%   50.7%   0.1724  parked_insufficient_n
D1    bullish_fvg_touch                  58   3.001   2.736  +0.265  56.9%   51.0%   0.1769  parked_insufficient_n
D1    evening_star                       10   3.920   3.160  +0.760  90.0%   46.0%   0.1819  parked_insufficient_n
D1    ntouch_resistance_touch            16   3.375   2.829  +0.546  50.0%   46.2%   0.1899  parked_insufficient_n
H4    demand_zone_touch                  70   2.636   2.455  +0.181  52.9%   46.9%   0.2254  parked_insufficient_n
D1    bear_pin                           44   3.462   3.159  +0.303  40.9%   46.4%   0.2394  parked_insufficient_n
H1    liquidity_sweep_high               59   2.672   2.459  +0.213  50.8%   47.1%   0.2424  parked_insufficient_n
D1    fib_786_tag                        18   3.262   2.922  +0.340  55.6%   62.2%   0.2514  parked_insufficient_n
D1    inversion_fvg_bullish              76   2.972   2.799  +0.173  59.2%   54.5%   0.2519  parked_insufficient_n
D1    liquidity_sweep_low                 2   3.659   2.614  +1.044  50.0%   70.0%   0.2589  parked_insufficient_n
M15   ascending_triangle_breakout        18   3.241   2.794  +0.447  61.1%   55.6%   0.2599  parked_insufficient_n
H4    liquidity_sweep_high               18   2.889   2.549  +0.340  61.1%   50.0%   0.2664  parked_insufficient_n
D1    breaker_resistance_retest          17   3.578   3.219  +0.360  64.7%   51.8%   0.2749  parked_insufficient_n
D1    fib_50_tag                         23   3.074   2.830  +0.244  43.5%   48.7%   0.3008  parked_insufficient_n
H4    three_black_crows                  25   2.474   2.284  +0.191  64.0%   40.0%   0.3128  parked_insufficient_n
D1    breaker_support_retest             20   3.234   3.036  +0.198  50.0%   59.0%   0.3293  parked_insufficient_n
M15   rising_wedge_breakdown             96   2.810   2.685  +0.125  54.2%   52.5%   0.3313  parked_insufficient_n
M15   triple_bottom_completion           83   2.666   2.544  +0.122  48.2%   50.4%   0.3433  parked_insufficient_n
D1    morning_star                       16   2.827   2.654  +0.173  56.2%   46.2%   0.3713  parked_insufficient_n
D1    bull_engulfing                     64   2.908   2.831  +0.077  53.1%   49.4%   0.3758  parked_insufficient_n
M15   symmetrical_triangle_breakout_down     81   2.309   2.241  +0.068  43.2%   47.6%   0.3898  parked_insufficient_n
H4    trendline_liquidity_sweep_low      41   2.731   2.631  +0.100  58.5%   50.2%   0.3903  parked_insufficient_n
H4    evening_star                       49   2.484   2.414  +0.070  42.9%   43.7%   0.3968  parked_insufficient_n
H1    inverse_hs_completion              46   2.580   2.487  +0.092  45.6%   48.7%   0.4043  parked_insufficient_n
D1    outside_bar_bull                   55   2.931   2.854  +0.077  45.5%   53.8%   0.4138  parked_insufficient_n
H4    trendline_break_retest_bullish     83   2.452   2.408  +0.044  39.8%   50.6%   0.4413  parked_insufficient_n
D1    double_top_completion               5   3.372   3.293  +0.080  80.0%   52.0%   0.4473  parked_insufficient_n
D1    choch_bullish                      12   2.641   2.600  +0.041  41.7%   45.0%   0.4538  parked_insufficient_n
H1    liquidity_sweep_low                60   2.742   2.736  +0.006  56.7%   53.3%   0.4643  parked_insufficient_n
D1    bearish_ob_touch                    9   2.433   2.414  +0.019  44.4%   48.9%   0.4758  parked_insufficient_n
D1    shooting_star                      33   3.402   3.373  +0.029  42.4%   47.3%   0.4798  parked_insufficient_n
D1    sr_flip_resistance                 48   2.942   2.919  +0.023  50.0%   44.2%   0.4823  parked_insufficient_n
D1    trendline_resistance_touch         49   3.056   3.070  -0.014  40.8%   50.6%   0.5007  parked_insufficient_n
H1    rising_wedge_breakdown             43   2.468   2.516  -0.049  53.5%   47.9%   0.5197  parked_insufficient_n
H1    descending_triangle_breakout        4   2.916   3.051  -0.136  25.0%   55.0%   0.5202  parked_insufficient_n
D1    demand_zone_touch                   7   3.263   3.317  -0.054  71.4%   54.3%   0.5212  parked_insufficient_n
H4    fib_ext_1618_tag                   41   2.562   2.591  -0.029  41.5%   52.2%   0.5272  parked_insufficient_n
D1    trendline_liquidity_sweep_high      7   2.846   2.880  -0.034  42.9%   51.4%   0.5302  parked_insufficient_n
D1    hammer                             23   2.792   2.851  -0.059  60.9%   48.7%   0.5342  parked_insufficient_n
H4    morning_star                       56   2.503   2.546  -0.043  46.4%   49.6%   0.5457  parked_insufficient_n
H4    double_bottom_completion           36   2.511   2.564  -0.053  50.0%   51.1%   0.5462  parked_insufficient_n
M15   inverse_hs_completion              99   2.578   2.623  -0.045  48.5%   48.1%   0.5492  parked_insufficient_n
D1    trendline_support_touch            52   2.815   2.846  -0.031  44.2%   51.5%   0.5622  parked_insufficient_n
H4    equal_lows_pool                    33   2.685   2.772  -0.087  45.5%   50.9%   0.5622  parked_insufficient_n
D1    bear_flag_breakout                 17   2.942   3.042  -0.100  47.1%   55.3%   0.5727  parked_insufficient_n
D1    inversion_fvg_bearish              63   3.225   3.278  -0.053  60.3%   53.3%   0.5732  parked_insufficient_n
D1    fib_618_tag                        26   2.759   2.864  -0.106  46.2%   43.9%   0.5767  parked_insufficient_n
H4    bos_bearish                        65   2.556   2.623  -0.067  52.3%   46.5%   0.5832  parked_insufficient_n
D1    bullish_ob_touch                    6   3.276   3.594  -0.318  66.7%   53.3%   0.6077  parked_insufficient_n
D1    ote_tag                            26   2.759   2.911  -0.153  46.2%   45.4%   0.6117  parked_insufficient_n
D1    double_bottom_completion            4   2.499   2.989  -0.489  25.0%   45.0%   0.6217  parked_insufficient_n
D1    liquidity_sweep_high                3   2.414   2.912  -0.498  33.3%   40.0%   0.6217  parked_insufficient_n
H4    falling_wedge_breakout             17   2.090   2.231  -0.140  58.8%   45.9%   0.6357  parked_insufficient_n
H4    fib_ext_1272_tag                   86   2.571   2.677  -0.105  52.3%   47.4%   0.6382  parked_insufficient_n
D1    hs_completion                       3   1.882   2.341  -0.459   0.0%   20.0%   0.6547  parked_insufficient_n
D1    bos_bullish                        15   2.513   2.759  -0.246  53.3%   53.3%   0.6702  parked_insufficient_n
D1    falling_wedge_breakout              2   2.252   3.477  -1.226 100.0%   40.0%   0.6737  parked_insufficient_n
D1    ntouch_support_touch               12   2.620   2.889  -0.269  50.0%   46.7%   0.6767  parked_insufficient_n
H4    bos_bullish                        55   2.481   2.640  -0.159  45.5%   50.2%   0.6967  parked_insufficient_n
D1    three_white_soldiers                3   1.462   2.480  -1.019   0.0%   40.0%   0.7046  parked_insufficient_n
H4    symmetrical_triangle_breakout_up      3   2.095   3.103  -1.008 100.0%   60.0%   0.7216  parked_insufficient_n
H4    trendline_break_retest_bearish     74   2.383   2.513  -0.130  40.5%   47.8%   0.7216  parked_insufficient_n
H4    entered_discount                   78   2.332   2.479  -0.148  38.5%   48.7%   0.7306  parked_insufficient_n
H1    hs_completion                      38   2.261   2.475  -0.214  36.8%   53.7%   0.7326  parked_insufficient_n
H4    choch_bearish                      56   2.396   2.618  -0.223  46.4%   49.6%   0.7526  parked_insufficient_n
D1    bos_bearish                        11   2.837   3.310  -0.473  45.5%   58.2%   0.7551  parked_insufficient_n
D1    bull_flag_breakout                 10   2.220   2.700  -0.480  50.0%   52.0%   0.7626  parked_insufficient_n
D1    bearish_fvg_touch                  65   3.024   3.274  -0.251  44.6%   50.5%   0.7786  parked_insufficient_n
D1    pwl_touch                          77   2.654   2.853  -0.198  42.9%   50.4%   0.7831  parked_insufficient_n
H1    symmetrical_triangle_breakout_up      2   0.927   2.222  -1.294   0.0%   50.0%   0.7976  parked_insufficient_n
H4    rising_wedge_breakdown              7   2.308   2.976  -0.669  42.9%   71.4%   0.7991  parked_insufficient_n
H4    ascending_triangle_breakout         2   1.205   2.268  -1.063   0.0%   70.0%   0.8001  parked_insufficient_n
H4    bearish_ob_touch                   71   2.542   2.790  -0.248  47.9%   50.1%   0.8236  parked_insufficient_n
D1    bull_pin                           31   2.547   2.912  -0.366  58.1%   54.2%   0.8241  parked_insufficient_n
D1    three_black_crows                   6   2.179   3.207  -1.027  33.3%   46.7%   0.8241  parked_insufficient_n
H1    triple_top_completion              10   1.852   2.585  -0.733  30.0%   50.0%   0.8241  parked_insufficient_n
H1    double_top_completion              81   2.249   2.526  -0.278  39.5%   50.4%   0.8256  parked_insufficient_n
H4    triple_top_completion               9   2.575   3.298  -0.723  66.7%   55.6%   0.8331  parked_insufficient_n
D1    entered_premium                    15   2.598   3.195  -0.597  46.7%   44.0%   0.8351  parked_insufficient_n
H4    equal_highs_pool                   34   2.355   2.778  -0.423  52.9%   47.6%   0.8371  parked_insufficient_n
D1    equal_highs_pool                    7   2.433   3.352  -0.919  71.4%   57.1%   0.8526  parked_insufficient_n
H4    ntouch_support_touch               90   2.503   2.762  -0.259  54.4%   49.1%   0.8571  parked_insufficient_n
H4    bullish_ob_touch                   60   2.348   2.659  -0.312  50.0%   50.0%   0.8576  parked_insufficient_n
D1    bear_engulfing                     78   3.031   3.361  -0.330  43.6%   47.7%   0.8661  parked_insufficient_n
M15   triple_top_completion              83   2.143   2.499  -0.356  50.6%   48.2%   0.8696  parked_insufficient_n
D1    fib_ext_1272_tag                   18   2.709   3.468  -0.759  61.1%   45.6%   0.8791  parked_insufficient_n
D1    equal_lows_pool                     6   1.670   3.088  -1.418  33.3%   40.0%   0.8876  parked_insufficient_n
H4    choch_bullish                      55   2.284   2.644  -0.360  49.1%   50.9%   0.8896  parked_insufficient_n
D1    trendline_break_retest_bearish     13   2.481   3.493  -1.012  15.4%   44.6%   0.8901  parked_insufficient_n
H4    bull_flag_breakout                 63   2.249   2.630  -0.381  44.4%   50.2%   0.9055  parked_insufficient_n
H4    inverse_hs_completion               5   1.426   2.865  -1.439  20.0%   60.0%   0.9080  parked_insufficient_n
H4    three_white_soldiers               21   2.077   2.720  -0.643  28.6%   54.3%   0.9200  parked_insufficient_n
D1    sr_flip_support                    53   2.347   2.757  -0.410  28.3%   49.4%   0.9250  parked_insufficient_n
H1    ascending_triangle_breakout         3   1.234   2.920  -1.686   0.0%   60.0%   0.9280  parked_insufficient_n
H4    bear_flag_breakout                 86   2.365   2.739  -0.374  46.5%   50.2%   0.9340  parked_insufficient_n
H4    trendline_liquidity_sweep_high     41   2.112   2.647  -0.534  48.8%   46.3%   0.9360  parked_insufficient_n
H1    falling_wedge_breakout             42   2.033   2.595  -0.562  42.9%   58.6%   0.9495  parked_insufficient_n
D1    supply_zone_touch                   9   1.862   3.161  -1.299  44.4%   51.1%   0.9600  parked_insufficient_n
D1    channel_bottom_touch               99   2.312   2.718  -0.406  44.4%   50.9%   0.9790  parked_insufficient_n
D1    tweezer_top                        71   2.503   3.170  -0.667  29.6%   51.0%   0.9895  parked_insufficient_n
D1    channel_top_touch                  99   2.484   3.305  -0.821  40.4%   49.5%   0.9995  parked_insufficient_n
M15   three_black_crows                 576   2.803   2.609  +0.193  47.2%   49.5%   0.0530  dead
M15   liquidity_sweep_low               300   2.806   2.561  +0.245  46.3%   48.5%   0.0540  dead
M15   choch_bullish                     959   2.567   2.429  +0.137  45.5%   47.4%   0.0655  dead
H4    shooting_star                     207   2.786   2.595  +0.191  50.2%   50.1%   0.0960  dead
M15   bullish_fvg_touch                4859   2.424   2.374  +0.050  48.7%   47.2%   0.0970  dead
H1    pdh_touch                         813   2.723   2.609  +0.114  48.8%   49.0%   0.0985  dead
H1    channel_top_touch                1937   2.708   2.633  +0.075  48.5%   48.2%   0.1039  dead
M15   fib_ext_1618_tag                  582   2.798   2.654  +0.144  56.7%   48.0%   0.1054  dead
M15   double_bottom_completion          512   2.580   2.438  +0.141  50.4%   48.5%   0.1089  dead
H1    trendline_support_touch           938   2.626   2.526  +0.100  45.8%   49.5%   0.1094  dead
H1    fib_786_tag                       400   2.729   2.581  +0.148  48.2%   48.7%   0.1129  dead
H4    sr_flip_resistance                282   2.707   2.555  +0.152  55.0%   47.7%   0.1299  dead
H1    ote_tag                           515   2.794   2.658  +0.137  52.4%   48.2%   0.1319  dead
M15   fib_618_tag                      1939   2.627   2.559  +0.068  48.8%   48.2%   0.1449  dead
M15   inversion_fvg_bearish            5565   2.536   2.496  +0.041  47.5%   47.9%   0.1449  dead
H1    ntouch_resistance_touch           350   2.579   2.449  +0.130  50.6%   46.8%   0.1464  dead
M15   fib_ext_1272_tag                 1042   2.884   2.788  +0.096  51.3%   48.3%   0.1489  dead
H1    bos_bullish                       232   2.810   2.626  +0.183  43.1%   51.3%   0.1569  dead
M15   bearish_fvg_touch                4832   2.466   2.425  +0.041  46.7%   47.1%   0.1579  dead
M15   pdl_touch                        1477   2.592   2.529  +0.064  51.0%   48.0%   0.1814  dead
H1    bear_pin                         1043   2.786   2.712  +0.074  46.1%   48.6%   0.1844  dead
H1    shooting_star                     877   2.744   2.670  +0.074  43.9%   46.2%   0.1874  dead
H4    trendline_resistance_touch        298   2.673   2.555  +0.118  47.3%   48.3%   0.1909  dead
H1    fib_50_tag                        583   2.771   2.686  +0.085  49.9%   46.8%   0.2009  dead
H4    inversion_fvg_bullish             353   2.537   2.442  +0.095  46.5%   45.8%   0.2084  dead
M15   fib_50_tag                       2108   2.571   2.519  +0.051  48.6%   47.0%   0.2129  dead
M15   breaker_resistance_retest        1936   2.454   2.408  +0.046  46.9%   48.3%   0.2149  dead
H4    pdh_touch                         424   2.650   2.573  +0.077  47.2%   48.2%   0.2399  dead
M15   bull_flag_breakout                830   2.363   2.299  +0.064  46.3%   46.0%   0.2409  dead
H1    fib_618_tag                       515   2.794   2.710  +0.084  52.4%   50.2%   0.2444  dead
M15   three_white_soldiers              613   2.676   2.600  +0.076  44.7%   48.7%   0.2484  dead
M15   evening_star                     1079   2.524   2.469  +0.055  48.6%   47.4%   0.2539  dead
H4    channel_top_touch                 590   2.670   2.607  +0.062  45.4%   48.4%   0.2544  dead
H4    breaker_resistance_retest         131   2.692   2.567  +0.125  51.1%   51.3%   0.2574  dead
M15   equal_lows_pool                   723   2.331   2.269  +0.062  49.9%   47.6%   0.2579  dead
M15   falling_wedge_breakout            105   2.479   2.341  +0.138  49.5%   47.2%   0.2714  dead
H1    sr_flip_support                  1107   2.407   2.366  +0.041  45.1%   48.5%   0.2819  dead
M15   bull_engulfing                   5864   2.354   2.335  +0.019  47.0%   47.5%   0.2824  dead
M15   fib_786_tag                      1527   2.698   2.656  +0.042  48.4%   47.7%   0.2889  dead
H4    pwl_touch                         141   2.572   2.471  +0.101  49.6%   48.6%   0.2929  dead
H1    bull_pin                          988   2.663   2.626  +0.037  47.3%   49.9%   0.3198  dead
M15   inversion_fvg_bullish            5502   2.468   2.452  +0.017  47.7%   47.5%   0.3243  dead
H1    asia_low_sweep                    370   2.718   2.662  +0.056  50.5%   47.6%   0.3258  dead
M15   asia_low_sweep                    427   3.032   2.972  +0.060  55.5%   49.3%   0.3283  dead
H4    bull_pin                          261   2.572   2.512  +0.060  47.9%   46.4%   0.3293  dead
H1    trendline_liquidity_sweep_low     125   2.510   2.432  +0.078  56.0%   48.0%   0.3398  dead
D1    round_number_touch                202   3.200   3.135  +0.065  53.5%   49.2%   0.3433  dead
H1    pwh_touch                         245   2.532   2.474  +0.058  51.0%   48.8%   0.3533  dead
H4    tweezer_bottom                    407   2.561   2.521  +0.040  49.4%   48.5%   0.3708  dead
H1    outside_bar_bull                  723   2.756   2.728  +0.029  46.6%   48.9%   0.3808  dead
H4    fib_618_tag                       150   2.621   2.568  +0.053  50.0%   48.5%   0.3813  dead
H1    choch_bullish                     209   2.445   2.412  +0.033  44.5%   50.0%   0.4123  dead
H1    morning_star                      220   2.406   2.376  +0.030  45.9%   46.2%   0.4238  dead
M15   ote_tag                          1939   2.627   2.615  +0.012  48.8%   47.8%   0.4313  dead
M15   morning_star                     1121   2.433   2.420  +0.014  47.4%   47.4%   0.4338  dead
H4    ote_tag                           150   2.621   2.607  +0.014  50.0%   45.2%   0.4508  dead
M15   choch_bearish                     960   2.584   2.573  +0.011  46.9%   48.8%   0.4538  dead
H1    fib_ext_1272_tag                  283   2.501   2.482  +0.019  49.1%   47.0%   0.4573  dead
H1    double_bottom_completion          106   2.635   2.607  +0.027  44.3%   48.9%   0.4698  dead
M15   bos_bearish                       854   2.555   2.548  +0.007  44.6%   47.4%   0.4743  dead
H1    asia_high_sweep                   377   2.844   2.840  +0.004  44.3%   49.0%   0.4918  dead
H4    tweezer_top                       412   2.528   2.528  +0.000  49.3%   49.6%   0.4943  dead
M15   trendline_break_retest_bullish   1319   2.545   2.539  +0.006  49.7%   47.7%   0.4983  dead
M15   round_number_touch                294   2.320   2.334  -0.014  49.0%   45.9%   0.5187  dead
M15   entered_premium                  1720   2.395   2.400  -0.006  47.2%   46.8%   0.5252  dead
H4    fib_50_tag                        164   2.517   2.539  -0.022  48.8%   48.8%   0.5437  dead
H1    bull_engulfing                   1515   2.625   2.637  -0.011  50.1%   49.7%   0.5497  dead
H1    trendline_break_retest_bullish    292   2.530   2.555  -0.025  48.6%   48.6%   0.5577  dead
M15   pwl_touch                         434   2.340   2.365  -0.025  48.2%   47.8%   0.5737  dead
H4    outside_bar_bull                  298   2.581   2.607  -0.027  50.0%   47.4%   0.5742  dead
H4    bull_engulfing                    367   2.545   2.575  -0.031  48.5%   49.3%   0.5747  dead
H1    demand_zone_touch                 287   2.280   2.311  -0.031  50.2%   50.8%   0.5747  dead
M15   bos_bullish                       845   2.476   2.494  -0.018  46.6%   48.4%   0.5767  dead
H4    outside_bar_bear                  257   2.528   2.559  -0.031  50.2%   48.2%   0.5832  dead
H4    bear_pin                          261   2.567   2.594  -0.027  46.7%   47.4%   0.5842  dead
H1    trendline_liquidity_sweep_high    145   2.440   2.487  -0.047  45.5%   42.9%   0.5942  dead
M15   bear_pin                         4355   2.290   2.300  -0.010  45.9%   46.8%   0.5947  dead
H1    fib_382_tag                       611   2.679   2.709  -0.029  45.3%   48.8%   0.6097  dead
H1    equal_highs_pool                  152   2.601   2.684  -0.083  53.3%   50.4%   0.6177  dead
H1    bos_bearish                       226   2.570   2.621  -0.050  46.0%   48.0%   0.6292  dead
H4    fib_786_tag                       121   2.570   2.643  -0.073  49.6%   48.1%   0.6342  dead
M15   fib_382_tag                      2129   2.454   2.473  -0.019  48.1%   46.4%   0.6352  dead
H4    breaker_support_retest            149   2.365   2.442  -0.078  45.0%   47.9%   0.6547  dead
M15   bullish_ob_touch                  945   2.485   2.521  -0.036  44.9%   46.8%   0.6617  dead
M15   hs_completion                     110   2.538   2.652  -0.114  43.6%   49.6%   0.6662  dead
H4    inversion_fvg_bearish             344   2.453   2.507  -0.054  48.5%   48.3%   0.6742  dead
H1    equal_lows_pool                   160   2.599   2.703  -0.104  45.0%   50.5%   0.6762  dead
H4    fib_382_tag                       157   2.473   2.555  -0.082  47.8%   48.0%   0.6792  dead
H1    entered_premium                   423   2.573   2.635  -0.062  49.9%   47.6%   0.6847  dead
H4    hammer                            220   2.444   2.519  -0.075  47.7%   47.2%   0.6867  dead
H1    tweezer_bottom                   1770   2.700   2.734  -0.033  49.3%   49.9%   0.6892  dead
H1    inversion_fvg_bullish            1188   2.483   2.519  -0.035  47.5%   49.6%   0.6912  dead
M15   equal_highs_pool                  724   2.289   2.335  -0.046  49.7%   47.9%   0.6962  dead
H1    evening_star                      246   2.551   2.632  -0.081  48.8%   51.1%   0.6992  dead
H1    bear_engulfing                   1564   2.673   2.710  -0.038  47.4%   49.5%   0.7056  dead
M15   outside_bar_bull                 2788   2.402   2.432  -0.030  46.3%   47.4%   0.7136  dead
M15   demand_zone_touch                1004   2.494   2.548  -0.054  45.1%   47.7%   0.7191  dead
M15   hammer                           3471   2.288   2.316  -0.028  45.7%   47.1%   0.7266  dead
H1    three_white_soldiers              150   2.118   2.243  -0.125  44.0%   44.1%   0.7306  dead
H1    ntouch_support_touch              341   2.486   2.587  -0.101  50.1%   49.4%   0.7561  dead
M15   pdh_touch                        1435   2.523   2.578  -0.055  49.1%   47.9%   0.7596  dead
H1    bearish_fvg_touch                1080   2.602   2.659  -0.057  49.0%   48.6%   0.7621  dead
M15   trendline_liquidity_sweep_high    493   2.650   2.749  -0.099  44.0%   47.4%   0.7631  dead
M15   asia_high_sweep                   430   2.910   3.017  -0.107  47.2%   50.6%   0.7716  dead
H1    entered_discount                  431   2.416   2.500  -0.084  55.0%   51.0%   0.7736  dead
H1    fib_ext_1618_tag                  146   2.322   2.466  -0.143  52.0%   50.0%   0.7806  dead
H1    bullish_ob_touch                  267   2.269   2.387  -0.118  47.6%   45.8%   0.7936  dead
M15   bull_pin                         4144   2.268   2.302  -0.034  44.6%   47.3%   0.7941  dead
H1    choch_bearish                     209   2.454   2.599  -0.145  45.5%   51.0%   0.8011  dead
M15   trendline_break_retest_bearish   1295   2.522   2.587  -0.066  46.7%   47.8%   0.8106  dead
M15   sr_flip_resistance               4635   2.438   2.475  -0.037  46.1%   47.6%   0.8111  dead
M15   shooting_star                    3549   2.286   2.326  -0.041  46.4%   46.4%   0.8126  dead
H1    pwl_touch                         246   2.216   2.354  -0.138  44.3%   48.0%   0.8131  dead
M15   sr_flip_support                  4625   2.357   2.394  -0.037  47.5%   48.1%   0.8386  dead
H1    bearish_ob_touch                  262   2.295   2.452  -0.158  42.0%   47.7%   0.8501  dead
H4    bear_engulfing                    387   2.496   2.611  -0.115  49.9%   48.0%   0.8511  dead
H1    breaker_support_retest            528   2.307   2.408  -0.101  48.7%   49.8%   0.8516  dead
H4    bullish_fvg_touch                 298   2.520   2.664  -0.143  44.3%   49.7%   0.8531  dead
H4    bearish_fvg_touch                 340   2.551   2.683  -0.132  47.6%   50.0%   0.8666  dead
M15   breaker_support_retest           2018   2.376   2.446  -0.070  47.7%   46.8%   0.8716  dead
H1    round_number_touch                460   2.255   2.383  -0.128  48.7%   48.6%   0.8756  dead
H1    trendline_break_retest_bearish    283   2.443   2.629  -0.186  47.3%   48.1%   0.8791  dead
M15   supply_zone_touch                1081   2.448   2.549  -0.102  47.4%   48.2%   0.8841  dead
H1    supply_zone_touch                 274   2.224   2.407  -0.182  47.4%   47.0%   0.9070  dead
H1    bullish_fvg_touch                1068   2.518   2.625  -0.107  47.9%   50.5%   0.9080  dead
H1    hammer                            791   2.584   2.708  -0.124  49.3%   50.3%   0.9080  dead
H1    tweezer_top                      1770   2.697   2.782  -0.085  46.9%   48.9%   0.9090  dead
H4    trendline_support_touch           280   2.370   2.555  -0.185  48.9%   48.8%   0.9115  dead
M15   pwh_touch                         433   2.337   2.508  -0.171  43.9%   47.3%   0.9120  dead
M15   bear_engulfing                   6197   2.318   2.375  -0.057  45.3%   46.7%   0.9445  dead
H4    pdl_touch                         466   2.396   2.577  -0.180  48.1%   46.4%   0.9510  dead
H1    bear_flag_breakout                228   2.322   2.591  -0.269  47.8%   46.1%   0.9570  dead
H1    sr_flip_resistance               1077   2.332   2.457  -0.126  48.0%   47.6%   0.9570  dead
M15   bearish_ob_touch                  987   2.469   2.643  -0.174  47.0%   49.1%   0.9595  dead
H1    bull_flag_breakout                230   2.262   2.543  -0.281  47.0%   50.2%   0.9610  dead
H4    sr_flip_support                   283   2.182   2.407  -0.225  42.4%   48.3%   0.9660  dead
H4    round_number_touch                451   2.354   2.555  -0.200  44.6%   48.3%   0.9730  dead
H1    inversion_fvg_bearish            1232   2.445   2.577  -0.133  48.5%   48.0%   0.9730  dead
M15   tweezer_top                      6745   2.169   2.233  -0.063  45.3%   46.0%   0.9765  dead
H1    outside_bar_bear                  775   2.615   2.800  -0.184  45.0%   48.9%   0.9785  dead
M15   outside_bar_bear                 2837   2.375   2.482  -0.107  42.9%   47.6%   0.9785  dead
H1    pdl_touch                         839   2.434   2.616  -0.182  49.2%   48.6%   0.9830  dead
M15   bear_flag_breakout                878   2.327   2.524  -0.197  44.9%   49.0%   0.9835  dead
H1    breaker_resistance_retest         530   2.185   2.425  -0.240  46.0%   48.1%   0.9920  dead
H4    channel_bottom_touch              507   2.245   2.496  -0.251  43.0%   48.8%   0.9950  dead
M15   tweezer_bottom                   6534   2.126   2.205  -0.079  45.6%   47.2%   0.9955  dead
H1    three_black_crows                 157   2.017   2.542  -0.526  45.9%   51.7%   0.9970  dead
------------------------------------------------------------------------------------------------
dead=147  parked_insufficient_n=120  parked_weak_effect=13

registry: output/stage1_EURUSD_confirm_2026-06-12_1342.jsonl
CAVEAT: hypothesis-generating evidence only; verdicts govern what
advances to Stage 2, never what the live agent trades.
