INFO:DUKASCRIPT:current timestamp :2019-10-24T01:00:00
INFO:DUKASCRIPT:current timestamp :2019-10-24T06:00:00
INFO:DUKASCRIPT:current timestamp :2015-01-30T17:45:00
INFO:DUKASCRIPT:current timestamp :2015-03-02T13:30:00
INFO:DUKASCRIPT:current timestamp :2015-03-31T09:15:00
INFO:DUKASCRIPT:current timestamp :2015-04-29T05:00:00
INFO:DUKASCRIPT:current timestamp :2015-05-28T02:00:00
INFO:DUKASCRIPT:current timestamp :2015-06-25T21:45:00
INFO:DUKASCRIPT:current timestamp :2015-07-24T17:45:00
INFO:DUKASCRIPT:current timestamp :2015-08-24T13:45:00
INFO:DUKASCRIPT:current timestamp :2015-09-22T09:30:00
INFO:DUKASCRIPT:current timestamp :2015-10-21T05:30:00
INFO:DUKASCRIPT:current timestamp :2015-11-19T01:30:00
INFO:DUKASCRIPT:current timestamp :2015-12-17T21:15:00
INFO:DUKASCRIPT:current timestamp :2016-01-19T08:15:00
INFO:DUKASCRIPT:current timestamp :2016-02-17T04:00:00
INFO:DUKASCRIPT:current timestamp :2016-03-16T23:00:00
INFO:DUKASCRIPT:current timestamp :2016-04-14T22:15:00
INFO:DUKASCRIPT:current timestamp :2016-05-13T18:00:00
INFO:DUKASCRIPT:current timestamp :2016-06-13T14:00:00
INFO:DUKASCRIPT:current timestamp :2016-07-12T10:15:00
INFO:DUKASCRIPT:current timestamp :2016-08-10T06:15:00
INFO:DUKASCRIPT:current timestamp :2016-09-08T02:15:00
INFO:DUKASCRIPT:current timestamp :2016-10-06T22:30:00
INFO:DUKASCRIPT:current timestamp :2016-11-04T17:15:00
INFO:DUKASCRIPT:current timestamp :2016-12-05T14:30:00
INFO:DUKASCRIPT:current timestamp :2017-01-03T12:45:00
INFO:DUKASCRIPT:current timestamp :2017-02-01T08:30:00
INFO:DUKASCRIPT:current timestamp :2017-03-02T04:15:00
INFO:DUKASCRIPT:current timestamp :2017-03-31T00:00:00
INFO:DUKASCRIPT:current timestamp :2017-04-28T19:45:00
INFO:DUKASCRIPT:current timestamp :2017-05-29T15:30:00
INFO:DUKASCRIPT:current timestamp :2017-06-27T11:30:00
INFO:DUKASCRIPT:current timestamp :2017-07-26T07:30:00
INFO:DUKASCRIPT:current timestamp :2017-08-24T03:30:00
INFO:DUKASCRIPT:current timestamp :2017-09-21T23:15:00
INFO:DUKASCRIPT:current timestamp :2017-10-20T19:30:00
INFO:DUKASCRIPT:current timestamp :2017-11-20T15:45:00
INFO:DUKASCRIPT:current timestamp :2017-12-19T11:30:00
INFO:DUKASCRIPT:current timestamp :2018-01-18T23:30:00
INFO:DUKASCRIPT:current timestamp :2018-02-16T19:15:00
INFO:DUKASCRIPT:current timestamp :2018-03-19T14:00:00
INFO:DUKASCRIPT:current timestamp :2018-04-17T11:00:00
INFO:DUKASCRIPT:current timestamp :2018-05-16T07:00:00
INFO:DUKASCRIPT:current timestamp :2018-06-14T03:00:00
INFO:DUKASCRIPT:current timestamp :2018-07-12T22:45:00
INFO:DUKASCRIPT:current timestamp :2018-08-10T18:45:00
INFO:DUKASCRIPT:current timestamp :2018-09-10T14:45:00
INFO:DUKASCRIPT:current timestamp :2018-10-09T10:30:00
INFO:DUKASCRIPT:current timestamp :2018-11-07T06:15:00
INFO:DUKASCRIPT:current timestamp :2018-12-06T02:00:00
INFO:DUKASCRIPT:current timestamp :2019-01-07T13:45:00
INFO:DUKASCRIPT:current timestamp :2019-02-05T09:45:00
INFO:DUKASCRIPT:current timestamp :2019-03-06T05:45:00
INFO:DUKASCRIPT:current timestamp :2019-04-04T01:30:00
INFO:DUKASCRIPT:current timestamp :2019-05-02T21:45:00
INFO:DUKASCRIPT:current timestamp :2019-05-31T17:45:00
INFO:DUKASCRIPT:current timestamp :2019-07-01T13:45:00
INFO:DUKASCRIPT:current timestamp :2019-07-30T10:00:00
INFO:DUKASCRIPT:current timestamp :2019-08-28T06:15:00
INFO:DUKASCRIPT:current timestamp :2019-09-26T02:45:00
INFO:DUKASCRIPT:current timestamp :2019-10-24T23:00:00
INFO:DUKASCRIPT:current timestamp :2019-11-22T19:00:00
INFO:DUKASCRIPT:current timestamp :2019-12-23T14:45:00
INFO:DUKASCRIPT:current timestamp :2020-01-23T02:15:00
INFO:DUKASCRIPT:current timestamp :2020-02-20T22:30:00
INFO:DUKASCRIPT:current timestamp :2020-03-20T17:45:00
INFO:DUKASCRIPT:current timestamp :2020-04-20T16:45:00
INFO:DUKASCRIPT:current timestamp :2020-05-19T13:30:00
INFO:DUKASCRIPT:current timestamp :2020-06-17T09:30:00
INFO:DUKASCRIPT:current timestamp :2020-07-16T06:00:00
INFO:DUKASCRIPT:current timestamp :2020-08-14T02:15:00
INFO:DUKASCRIPT:current timestamp :2020-09-13T23:15:00
INFO:DUKASCRIPT:current timestamp :2020-10-12T20:30:00
INFO:DUKASCRIPT:current timestamp :2020-11-10T16:45:00
INFO:DUKASCRIPT:current timestamp :2020-12-09T13:00:00
INFO:DUKASCRIPT:current timestamp :2021-01-11T02:15:00
INFO:DUKASCRIPT:current timestamp :2021-02-08T22:45:00
INFO:DUKASCRIPT:current timestamp :2021-03-09T19:45:00
INFO:DUKASCRIPT:current timestamp :2021-04-07T18:00:00
INFO:DUKASCRIPT:current timestamp :2021-05-06T18:15:00
INFO:DUKASCRIPT:current timestamp :2021-06-04T19:30:00
INFO:DUKASCRIPT:current timestamp :2021-07-05T20:00:00
INFO:DUKASCRIPT:current timestamp :2021-08-03T21:00:00
INFO:DUKASCRIPT:current timestamp :2021-09-01T23:00:00
INFO:DUKASCRIPT:current timestamp :2021-09-30T22:45:00
INFO:DUKASCRIPT:current timestamp :2021-10-31T21:15:00
INFO:DUKASCRIPT:current timestamp :2021-11-29T21:15:00
INFO:DUKASCRIPT:current timestamp :2021-12-28T20:15:00
[CANONICAL] Test A Stage 1 — GBPUSD, split 2015-01-01..2021-12-31, TFs: D1, H4, H1, M15
  D1: 2189 bars
  H4: 11272 bars
  H1: 43621 bars
  M15: 174443 bars

Stage-1 verdict registry
================================================================================================
tf    event_type                          n   evMFE   ctMFE  effect   hit%  ctHit%        p  verdict
------------------------------------------------------------------------------------------------
H4    bear_pin                          603   2.827   2.493  +0.335  51.7%   48.4%   0.0005  alive
M15   channel_bottom_touch            19541   2.589   2.508  +0.081  48.7%   47.6%   0.0005  alive
M15   channel_top_touch               19161   2.629   2.530  +0.099  48.3%   47.8%   0.0005  alive
H4    bull_engulfing                    923   2.690   2.500  +0.190  51.8%   48.3%   0.0065  parked_weak_effect
H4    pwl_touch                         315   2.841   2.480  +0.361  47.0%   48.4%   0.0065  parked_weak_effect
H4    fib_ext_1272_tag                  201   2.893   2.482  +0.411  53.2%   50.8%   0.0075  parked_weak_effect
D1    pwl_touch                         167   3.180   2.764  +0.417  54.5%   48.0%   0.0080  parked_weak_effect
H1    trendline_support_touch          2462   2.654   2.537  +0.117  48.9%   48.5%   0.0145  parked_weak_effect
M15   fib_786_tag                      3505   2.673   2.569  +0.104  48.5%   47.6%   0.0150  parked_weak_effect
H4    bear_engulfing                    955   2.749   2.582  +0.167  49.4%   48.1%   0.0180  parked_weak_effect
H1    trendline_liquidity_sweep_low     292   2.827   2.511  +0.316  52.7%   47.3%   0.0185  parked_weak_effect
H1    liquidity_sweep_low               116   2.810   2.385  +0.425  51.7%   47.1%   0.0205  parked_weak_effect
M15   fib_382_tag                      5063   2.485   2.402  +0.083  48.4%   46.8%   0.0225  parked_weak_effect
M15   ote_tag                          4525   2.583   2.503  +0.080  48.2%   47.3%   0.0320  parked_weak_effect
M15   trendline_support_touch         11070   2.457   2.411  +0.046  48.0%   47.1%   0.0345  parked_weak_effect
M15   fib_50_tag                       4934   2.539   2.463  +0.076  48.6%   47.7%   0.0360  parked_weak_effect
M15   fib_618_tag                      4527   2.582   2.502  +0.080  48.3%   47.2%   0.0365  parked_weak_effect
H4    bos_bearish                       153   2.689   2.384  +0.305  52.9%   48.2%   0.0490  parked_weak_effect
D1    equal_highs_pool                    9   4.365   2.651  +1.714  55.6%   44.4%   0.0280  parked_insufficient_n
D1    choch_bearish                      23   3.780   2.750  +1.031  60.9%   53.0%   0.0515  parked_insufficient_n
D1    bearish_ob_touch                   26   3.895   3.058  +0.838  42.3%   52.3%   0.0965  parked_insufficient_n
H4    trendline_liquidity_sweep_low      82   2.791   2.445  +0.346  39.0%   49.3%   0.1044  parked_insufficient_n
H1    symmetrical_triangle_breakout_up     12   3.350   2.353  +0.997  83.3%   41.7%   0.1089  parked_insufficient_n
D1    hammer                             84   3.087   2.779  +0.308  50.0%   47.1%   0.1209  parked_insufficient_n
D1    morning_star                       42   3.437   3.011  +0.426  64.3%   48.1%   0.1284  parked_insufficient_n
D1    fib_786_tag                        55   3.438   2.992  +0.445  49.1%   55.6%   0.1334  parked_insufficient_n
M15   descending_triangle_breakout       73   3.076   2.723  +0.353  47.9%   46.3%   0.1634  parked_insufficient_n
D1    ote_tag                            70   3.191   2.879  +0.311  47.1%   49.1%   0.1664  parked_insufficient_n
H4    liquidity_sweep_low                25   3.084   2.571  +0.513  60.0%   46.4%   0.1689  parked_insufficient_n
H1    triple_bottom_completion           34   2.598   2.255  +0.342  52.9%   47.6%   0.1804  parked_insufficient_n
D1    ntouch_support_touch               34   3.230   2.836  +0.394  52.9%   42.9%   0.1879  parked_insufficient_n
H4    three_black_crows                  58   2.663   2.403  +0.260  56.9%   47.2%   0.2094  parked_insufficient_n
D1    trendline_break_retest_bearish     25   3.323   2.882  +0.441  44.0%   55.2%   0.2229  parked_insufficient_n
D1    fib_50_tag                         72   3.205   2.983  +0.222  45.8%   52.2%   0.2409  parked_insufficient_n
H4    double_top_completion              63   2.536   2.358  +0.177  54.0%   48.6%   0.2449  parked_insufficient_n
D1    three_black_crows                  15   3.310   2.912  +0.398  46.7%   50.7%   0.2534  parked_insufficient_n
H4    equal_lows_pool                    79   2.797   2.640  +0.157  49.4%   46.1%   0.2749  parked_insufficient_n
D1    liquidity_sweep_low                 4   3.090   2.560  +0.529  25.0%   60.0%   0.2909  parked_insufficient_n
M15   rectangle_breakout_down             3   2.003   1.522  +0.481  33.3%   46.7%   0.2909  parked_insufficient_n
D1    falling_wedge_breakout              4   3.516   2.935  +0.581  50.0%   50.0%   0.3208  parked_insufficient_n
H1    rising_wedge_breakdown             96   2.497   2.394  +0.104  49.0%   49.0%   0.3238  parked_insufficient_n
D1    ntouch_resistance_touch            32   3.312   3.166  +0.146  56.2%   53.1%   0.3673  parked_insufficient_n
H4    symmetrical_triangle_breakout_down      9   3.192   3.007  +0.185  55.6%   64.4%   0.3803  parked_insufficient_n
D1    inverse_hs_completion               3   3.522   3.518  +0.004  66.7%   46.7%   0.4173  parked_insufficient_n
D1    entered_discount                   41   3.095   3.046  +0.049  43.9%   51.7%   0.4363  parked_insufficient_n
H4    inverse_hs_completion              20   2.481   2.416  +0.065  50.0%   43.0%   0.4388  parked_insufficient_n
D1    double_top_completion              16   3.412   3.348  +0.064  50.0%   60.0%   0.4438  parked_insufficient_n
H1    descending_triangle_breakout        6   2.746   2.719  +0.027  33.3%   46.7%   0.4578  parked_insufficient_n
D1    rising_wedge_breakdown              4   3.231   3.464  -0.232  50.0%   45.0%   0.4678  parked_insufficient_n
H4    double_bottom_completion           60   2.474   2.452  +0.022  50.0%   46.0%   0.4733  parked_insufficient_n
H4    hs_completion                      26   2.383   2.408  -0.025  50.0%   49.2%   0.4783  parked_insufficient_n
D1    fib_382_tag                        69   3.109   3.103  +0.005  43.5%   53.3%   0.4823  parked_insufficient_n
D1    trendline_liquidity_sweep_high     12   3.208   3.292  -0.083  58.3%   46.7%   0.4868  parked_insufficient_n
H1    hs_completion                      82   2.573   2.597  -0.024  53.7%   52.7%   0.4928  parked_insufficient_n
D1    evening_star                       36   2.840   2.856  -0.016  58.3%   53.9%   0.5017  parked_insufficient_n
D1    fib_618_tag                        70   3.191   3.213  -0.022  47.1%   52.6%   0.5017  parked_insufficient_n
H4    triple_top_completion              14   2.969   3.026  -0.057  42.9%   52.9%   0.5042  parked_insufficient_n
D1    choch_bullish                      24   2.647   2.675  -0.028  54.2%   46.7%   0.5087  parked_insufficient_n
H4    trendline_liquidity_sweep_high     82   2.487   2.503  -0.017  45.1%   47.8%   0.5272  parked_insufficient_n
H4    triple_bottom_completion           11   2.382   2.438  -0.056  45.5%   45.5%   0.5277  parked_insufficient_n
H4    descending_triangle_breakout        4   2.324   2.468  -0.144  75.0%   45.0%   0.5442  parked_insufficient_n
D1    bos_bullish                        28   2.767   2.836  -0.069  42.9%   50.0%   0.5482  parked_insufficient_n
D1    liquidity_sweep_high                4   2.418   3.725  -1.308  50.0%   40.0%   0.5552  parked_insufficient_n
D1    shooting_star                      98   3.303   3.370  -0.067  51.0%   51.2%   0.5567  parked_insufficient_n
H1    symmetrical_triangle_breakout_down     32   2.335   2.417  -0.083  56.2%   56.9%   0.5682  parked_insufficient_n
M15   ascending_triangle_breakout        58   2.901   3.017  -0.116  41.4%   45.9%   0.5702  parked_insufficient_n
D1    three_white_soldiers                7   2.897   3.196  -0.299  57.1%   48.6%   0.5847  parked_insufficient_n
D1    bos_bearish                        31   3.368   3.593  -0.225  41.9%   47.7%   0.5927  parked_insufficient_n
H4    equal_highs_pool                   94   2.676   2.743  -0.067  54.3%   47.4%   0.5952  parked_insufficient_n
H4    ascending_triangle_breakout         4   2.045   2.470  -0.425  25.0%   50.0%   0.6077  parked_insufficient_n
D1    supply_zone_touch                  29   3.231   3.472  -0.241  44.8%   51.7%   0.6327  parked_insufficient_n
D1    double_bottom_completion           17   2.664   2.992  -0.328  58.8%   43.5%   0.6767  parked_insufficient_n
D1    trendline_break_retest_bullish     32   2.865   3.096  -0.232  40.6%   56.9%   0.6812  parked_insufficient_n
D1    breaker_support_retest             54   2.754   2.921  -0.167  44.4%   43.3%   0.6957  parked_insufficient_n
H1    triple_top_completion              25   2.007   2.284  -0.277  32.0%   52.0%   0.7296  parked_insufficient_n
H1    ascending_triangle_breakout         6   1.742   2.326  -0.585  50.0%   50.0%   0.7646  parked_insufficient_n
H4    liquidity_sweep_high               40   2.002   2.290  -0.287  47.5%   39.0%   0.7786  parked_insufficient_n
H4    three_white_soldiers               59   2.426   2.651  -0.225  40.7%   53.6%   0.7816  parked_insufficient_n
D1    trendline_liquidity_sweep_low       9   2.522   3.338  -0.816  55.6%   53.3%   0.8016  parked_insufficient_n
D1    bull_flag_breakout                 32   2.511   2.909  -0.398  43.8%   50.0%   0.8096  parked_insufficient_n
D1    fib_ext_1272_tag                   28   2.633   3.209  -0.576  42.9%   51.4%   0.8306  parked_insufficient_n
D1    bear_flag_breakout                 34   2.605   3.211  -0.606  50.0%   57.1%   0.8361  parked_insufficient_n
D1    symmetrical_triangle_breakout_down      2   1.307   2.849  -1.542 100.0%   60.0%   0.8491  parked_insufficient_n
H4    falling_wedge_breakout             35   2.294   2.732  -0.438  45.7%   57.7%   0.8551  parked_insufficient_n
D1    bullish_ob_touch                   31   2.417   2.949  -0.532  35.5%   50.3%   0.8636  parked_insufficient_n
D1    fib_ext_1618_tag                   14   2.168   2.896  -0.728  28.6%   50.0%   0.8661  parked_insufficient_n
D1    entered_premium                    43   2.530   3.079  -0.548  37.2%   45.6%   0.8786  parked_insufficient_n
D1    hs_completion                       3   1.299   3.158  -1.859  66.7%   33.3%   0.8976  parked_insufficient_n
H1    falling_wedge_breakout             74   1.933   2.246  -0.314  41.9%   47.6%   0.9025  parked_insufficient_n
H4    rising_wedge_breakdown             23   1.923   2.601  -0.678  52.2%   56.5%   0.9455  parked_insufficient_n
D1    equal_lows_pool                     9   1.782   3.383  -1.601  44.4%   46.7%   0.9520  parked_insufficient_n
H4    fib_ext_1618_tag                   93   2.283   2.701  -0.419  40.9%   49.2%   0.9635  parked_insufficient_n
M15   rectangle_breakout_up               2   0.501   3.429  -2.928   0.0%   60.0%   0.9745  parked_insufficient_n
D1    demand_zone_touch                  33   2.263   3.062  -0.799  39.4%   53.9%   0.9750  parked_insufficient_n
H1    inverse_hs_completion              76   2.015   2.586  -0.571  36.8%   48.7%   0.9825  parked_insufficient_n
D1    breaker_resistance_retest          59   2.404   3.410  -1.006  35.6%   51.5%   0.9940  parked_insufficient_n
M15   trendline_liquidity_sweep_low    1152   2.830   2.680  +0.150  46.5%   47.7%   0.0550  dead
M15   fib_ext_1272_tag                 2414   2.854   2.752  +0.102  49.5%   47.8%   0.0620  dead
H4    bullish_fvg_touch                 691   2.701   2.554  +0.146  50.1%   49.0%   0.0665  dead
M15   choch_bullish                    2197   2.554   2.467  +0.087  44.4%   47.8%   0.0730  dead
M15   ntouch_support_touch             3364   2.643   2.571  +0.072  48.8%   47.6%   0.0745  dead
M15   trendline_resistance_touch      11527   2.500   2.461  +0.039  48.2%   47.4%   0.0760  dead
H1    bull_engulfing                   3492   2.668   2.604  +0.064  49.9%   48.3%   0.0805  dead
H1    fib_50_tag                       1282   2.679   2.578  +0.101  49.7%   48.5%   0.0855  dead
M15   inversion_fvg_bearish           11648   2.596   2.558  +0.038  48.4%   47.9%   0.0875  dead
M15   symmetrical_triangle_breakout_down    203   2.730   2.466  +0.264  48.3%   48.5%   0.0930  dead
M15   choch_bearish                    2196   2.746   2.659  +0.087  45.0%   47.9%   0.0935  dead
H4    ntouch_resistance_touch           210   2.701   2.497  +0.204  52.9%   48.5%   0.1054  dead
D1    bull_pin                          100   3.486   3.148  +0.338  53.0%   49.2%   0.1139  dead
H1    fib_618_tag                      1171   2.662   2.569  +0.092  51.1%   49.7%   0.1149  dead
H4    pdl_touch                        1166   2.662   2.583  +0.079  49.4%   48.9%   0.1214  dead
D1    inversion_fvg_bearish             188   3.431   3.151  +0.280  51.1%   49.8%   0.1284  dead
D1    bear_pin                          101   3.589   3.214  +0.375  51.5%   48.7%   0.1349  dead
M15   trendline_break_retest_bullish   3048   2.607   2.552  +0.055  48.6%   47.2%   0.1394  dead
H4    outside_bar_bull                  563   2.741   2.642  +0.099  52.6%   50.9%   0.1624  dead
M15   bos_bearish                      1938   2.547   2.481  +0.066  45.8%   47.9%   0.1629  dead
H1    equal_lows_pool                   325   2.727   2.577  +0.149  50.1%   49.6%   0.1729  dead
M15   trendline_break_retest_bearish   3119   2.661   2.610  +0.051  47.9%   47.5%   0.1729  dead
H1    ote_tag                          1170   2.664   2.589  +0.075  51.1%   48.5%   0.1779  dead
M15   equal_highs_pool                 1701   2.355   2.297  +0.058  46.1%   46.6%   0.1834  dead
H1    bearish_fvg_touch                2429   2.634   2.585  +0.048  50.7%   49.2%   0.1869  dead
M15   entered_discount                 3679   2.362   2.322  +0.040  49.1%   47.5%   0.1874  dead
H1    channel_top_touch                4143   2.591   2.557  +0.034  48.9%   49.2%   0.1919  dead
M15   trendline_liquidity_sweep_high   1249   2.813   2.736  +0.077  43.5%   47.9%   0.2059  dead
H4    channel_top_touch                1146   2.627   2.568  +0.059  46.4%   49.5%   0.2154  dead
M15   asia_low_sweep                   1064   3.275   3.200  +0.074  49.5%   49.4%   0.2174  dead
M15   double_top_completion            1172   2.876   2.804  +0.072  46.2%   48.0%   0.2214  dead
M15   symmetrical_triangle_breakout_up    116   2.878   2.669  +0.209  49.1%   51.0%   0.2264  dead
H1    shooting_star                    2211   2.650   2.606  +0.045  45.5%   48.2%   0.2269  dead
M15   three_black_crows                1286   2.888   2.821  +0.067  46.4%   49.1%   0.2439  dead
D1    outside_bar_bull                  148   2.973   2.848  +0.126  52.7%   46.6%   0.2454  dead
M15   inverse_hs_completion             297   2.697   2.585  +0.112  46.1%   47.7%   0.2504  dead
M15   breaker_support_retest           4594   2.460   2.433  +0.026  47.1%   47.4%   0.2519  dead
D1    channel_top_touch                 215   3.366   3.210  +0.155  51.2%   49.4%   0.2574  dead
H1    fib_ext_1272_tag                  758   2.556   2.492  +0.063  49.2%   47.5%   0.2599  dead
M15   hs_completion                     265   2.698   2.588  +0.109  47.9%   46.6%   0.2599  dead
D1    bear_engulfing                    205   3.396   3.263  +0.133  56.1%   49.9%   0.2689  dead
H4    bos_bullish                       145   2.709   2.588  +0.121  51.0%   51.9%   0.2689  dead
H1    evening_star                      527   2.626   2.554  +0.072  50.5%   49.7%   0.2769  dead
M15   bearish_fvg_touch               10342   2.450   2.435  +0.014  48.0%   47.5%   0.3043  dead
H4    pdh_touch                        1070   2.597   2.558  +0.039  47.4%   47.4%   0.3103  dead
H4    shooting_star                     502   2.632   2.588  +0.044  50.4%   49.3%   0.3188  dead
H1    outside_bar_bear                 1774   2.644   2.616  +0.028  48.6%   48.9%   0.3238  dead
H1    ntouch_resistance_touch           813   2.532   2.493  +0.039  49.5%   48.4%   0.3353  dead
D1    sr_flip_resistance                116   3.138   3.016  +0.122  37.9%   49.8%   0.3373  dead
M15   shooting_star                    8991   2.308   2.298  +0.010  45.0%   46.9%   0.3603  dead
H1    hammer                           2008   2.579   2.560  +0.019  47.4%   49.1%   0.3673  dead
H4    bull_pin                          683   2.614   2.591  +0.022  49.5%   48.7%   0.3913  dead
H1    double_bottom_completion          225   2.499   2.459  +0.040  56.0%   48.7%   0.4168  dead
H4    evening_star                      109   2.464   2.424  +0.040  42.2%   48.1%   0.4268  dead
H1    bos_bullish                       515   2.640   2.612  +0.028  49.9%   46.9%   0.4283  dead
D1    tweezer_bottom                    169   2.940   2.906  +0.034  43.8%   51.1%   0.4333  dead
M15   bear_flag_breakout               1665   2.453   2.440  +0.012  45.8%   47.8%   0.4343  dead
H4    trendline_break_retest_bullish    148   2.462   2.436  +0.026  48.0%   46.2%   0.4393  dead
H4    sr_flip_support                   661   2.563   2.556  +0.008  49.3%   51.4%   0.4408  dead
H1    equal_highs_pool                  318   2.575   2.555  +0.019  49.7%   48.4%   0.4518  dead
M15   liquidity_sweep_high              671   2.611   2.596  +0.014  48.9%   47.6%   0.4538  dead
M15   three_white_soldiers             1151   2.643   2.635  +0.008  44.1%   48.2%   0.4553  dead
D1    pwh_touch                         167   3.195   3.172  +0.023  52.1%   52.0%   0.4603  dead
H1    choch_bearish                     523   2.540   2.533  +0.007  45.7%   49.6%   0.4693  dead
M15   equal_lows_pool                  1714   2.322   2.316  +0.007  47.3%   46.4%   0.4698  dead
M15   triple_top_completion             208   2.802   2.784  +0.018  45.2%   46.1%   0.4723  dead
H4    choch_bullish                     126   2.513   2.511  +0.001  51.6%   48.7%   0.4913  dead
H4    outside_bar_bear                  581   2.654   2.657  -0.003  47.2%   48.1%   0.4948  dead
H1    channel_bottom_touch             4421   2.486   2.486  +0.001  47.7%   49.1%   0.4953  dead
H4    channel_bottom_touch             1332   2.510   2.513  -0.003  50.2%   48.5%   0.4998  dead
M15   double_bottom_completion         1197   2.698   2.696  +0.002  46.0%   47.8%   0.5002  dead
H1    trendline_liquidity_sweep_high    356   2.572   2.582  -0.010  46.9%   50.2%   0.5037  dead
H4    choch_bearish                     126   2.388   2.394  -0.006  46.8%   46.4%   0.5062  dead
H1    bos_bearish                       532   2.634   2.639  -0.005  49.2%   47.7%   0.5172  dead
H1    double_top_completion             197   2.490   2.503  -0.013  48.2%   48.7%   0.5287  dead
H4    breaker_support_retest            329   2.473   2.486  -0.013  51.1%   47.5%   0.5442  dead
H4    supply_zone_touch                 181   2.436   2.456  -0.021  53.6%   46.2%   0.5447  dead
H4    bear_flag_breakout                160   2.650   2.680  -0.030  47.5%   49.8%   0.5482  dead
H1    bear_flag_breakout                537   2.400   2.414  -0.014  46.4%   48.3%   0.5492  dead
M15   breaker_resistance_retest        4571   2.488   2.493  -0.005  48.1%   47.6%   0.5567  dead
H4    fib_50_tag                        371   2.537   2.563  -0.025  52.0%   48.1%   0.5602  dead
D1    trendline_resistance_touch        109   3.091   3.151  -0.060  56.0%   52.5%   0.5607  dead
M15   fib_ext_1618_tag                 1344   2.800   2.814  -0.014  46.9%   48.1%   0.5752  dead
H1    bear_pin                         2576   2.619   2.629  -0.010  46.9%   50.4%   0.5787  dead
M15   bos_bullish                      2024   2.481   2.494  -0.013  46.5%   46.9%   0.5797  dead
H4    round_number_touch               1648   2.525   2.535  -0.010  49.8%   49.1%   0.5802  dead
H4    fib_382_tag                       384   2.530   2.561  -0.031  53.1%   50.3%   0.5897  dead
H1    asia_low_sweep                    935   2.703   2.723  -0.021  47.6%   47.9%   0.5947  dead
H4    pwh_touch                         322   2.420   2.461  -0.041  48.1%   47.9%   0.6062  dead
D1    tweezer_top                       175   3.190   3.266  -0.075  58.9%   51.2%   0.6077  dead
M15   pdh_touch                        3384   2.531   2.543  -0.012  47.0%   48.0%   0.6077  dead
H1    bear_engulfing                   3641   2.618   2.631  -0.012  47.6%   49.0%   0.6277  dead
D1    bullish_fvg_touch                 168   2.845   2.918  -0.073  48.2%   51.9%   0.6297  dead
M15   inversion_fvg_bullish           11663   2.470   2.478  -0.008  47.5%   47.7%   0.6332  dead
H1    tweezer_bottom                   4126   2.651   2.663  -0.013  49.1%   49.4%   0.6337  dead
M15   tweezer_bottom                  15919   2.152   2.159  -0.007  45.5%   46.6%   0.6352  dead
H4    entered_premium                   229   2.494   2.546  -0.053  48.9%   49.1%   0.6357  dead
H4    ote_tag                           330   2.524   2.577  -0.053  50.3%   48.9%   0.6387  dead
H4    demand_zone_touch                 192   2.436   2.500  -0.064  47.4%   48.9%   0.6472  dead
H4    bearish_fvg_touch                 687   2.572   2.607  -0.035  51.8%   49.9%   0.6572  dead
H4    tweezer_top                      1028   2.550   2.581  -0.032  50.0%   49.5%   0.6577  dead
D1    bearish_fvg_touch                 176   3.005   3.110  -0.105  49.4%   53.2%   0.6607  dead
H4    hammer                            522   2.515   2.555  -0.040  45.8%   48.2%   0.6617  dead
M15   supply_zone_touch                2452   2.663   2.688  -0.025  50.2%   49.0%   0.6617  dead
H1    fib_382_tag                      1371   2.643   2.672  -0.029  48.5%   49.0%   0.6697  dead
H4    trendline_break_retest_bearish    168   2.417   2.509  -0.092  48.2%   48.8%   0.6712  dead
D1    bull_engulfing                    156   2.780   2.873  -0.093  48.1%   49.5%   0.6727  dead
H4    entered_discount                  228   2.413   2.482  -0.069  44.7%   48.6%   0.6752  dead
M15   triple_bottom_completion          215   2.640   2.738  -0.098  45.6%   47.3%   0.6792  dead
M15   ntouch_resistance_touch          3340   2.640   2.665  -0.025  47.8%   48.3%   0.6822  dead
H1    three_white_soldiers              304   2.190   2.254  -0.064  47.4%   49.3%   0.6857  dead
H1    ntouch_support_touch              826   2.490   2.534  -0.044  48.2%   47.9%   0.6887  dead
M15   bullish_fvg_touch               10257   2.390   2.405  -0.015  46.8%   47.2%   0.6917  dead
M15   outside_bar_bull                 6818   2.372   2.390  -0.018  45.1%   47.4%   0.7061  dead
H1    sr_flip_resistance               2585   2.385   2.415  -0.029  50.2%   48.6%   0.7126  dead
M15   pwh_touch                        1124   2.340   2.390  -0.050  46.1%   47.8%   0.7141  dead
H4    fib_618_tag                       330   2.524   2.601  -0.078  50.3%   48.7%   0.7191  dead
M15   liquidity_sweep_low               696   2.512   2.580  -0.067  47.4%   49.2%   0.7306  dead
H1    fib_786_tag                       864   2.471   2.526  -0.054  46.3%   49.3%   0.7361  dead
H1    trendline_break_retest_bullish    681   2.437   2.494  -0.057  51.4%   48.1%   0.7371  dead
M15   asia_high_sweep                  1012   3.204   3.278  -0.074  46.8%   47.9%   0.7596  dead
H1    bull_pin                         2326   2.544   2.583  -0.040  47.5%   49.4%   0.7601  dead
M15   rising_wedge_breakdown            234   2.701   2.844  -0.143  47.0%   48.4%   0.7626  dead
M15   demand_zone_touch                2386   2.590   2.635  -0.045  49.4%   47.8%   0.7681  dead
H1    three_black_crows                 334   2.179   2.283  -0.103  44.9%   48.7%   0.7696  dead
H1    asia_high_sweep                   871   2.582   2.660  -0.078  45.6%   47.7%   0.7701  dead
H4    tweezer_bottom                    953   2.555   2.611  -0.056  50.8%   49.4%   0.7781  dead
H1    choch_bullish                     524   2.423   2.503  -0.080  50.4%   49.1%   0.7791  dead
M15   sr_flip_support                 10977   2.444   2.467  -0.023  47.7%   47.3%   0.7931  dead
H1    pdh_touch                        1886   2.533   2.583  -0.050  50.0%   49.2%   0.7936  dead
H1    liquidity_sweep_high              118   2.281   2.460  -0.179  44.1%   50.7%   0.8101  dead
H1    entered_discount                  869   2.507   2.589  -0.081  47.4%   49.4%   0.8216  dead
H1    bearish_ob_touch                  626   2.253   2.357  -0.104  47.1%   46.9%   0.8246  dead
M15   evening_star                     2539   2.461   2.518  -0.057  45.8%   48.3%   0.8316  dead
H1    inversion_fvg_bearish            2668   2.492   2.545  -0.053  50.3%   49.5%   0.8471  dead
H1    pwh_touch                         597   2.381   2.486  -0.106  47.4%   48.3%   0.8501  dead
H4    bull_flag_breakout                151   2.384   2.578  -0.194  44.4%   49.0%   0.8516  dead
H4    trendline_resistance_touch        709   2.397   2.489  -0.092  46.7%   47.8%   0.8626  dead
H1    morning_star                      528   2.408   2.526  -0.119  47.3%   48.9%   0.8661  dead
M15   entered_premium                  3689   2.340   2.393  -0.053  49.1%   47.2%   0.8691  dead
M15   bear_pin                        11043   2.265   2.297  -0.032  44.1%   47.0%   0.8751  dead
H1    bullish_fvg_touch                2391   2.493   2.553  -0.060  50.0%   48.8%   0.8826  dead
M15   bullish_ob_touch                 2206   2.555   2.628  -0.073  47.7%   47.8%   0.8831  dead
H4    inversion_fvg_bullish             788   2.400   2.500  -0.100  48.2%   48.6%   0.8941  dead
M15   sr_flip_resistance              10929   2.526   2.560  -0.034  46.7%   47.8%   0.8966  dead
H4    bullish_ob_touch                  172   2.407   2.640  -0.233  43.0%   51.9%   0.8996  dead
H4    inversion_fvg_bearish             756   2.441   2.547  -0.106  49.9%   48.6%   0.9030  dead
M15   pwl_touch                         988   2.277   2.394  -0.117  45.1%   48.1%   0.9050  dead
H4    fib_786_tag                       255   2.403   2.582  -0.179  43.9%   50.8%   0.9075  dead
H4    ntouch_support_touch              217   2.375   2.576  -0.201  44.2%   50.1%   0.9115  dead
H1    breaker_resistance_retest        1176   2.288   2.380  -0.092  49.8%   49.5%   0.9140  dead
M15   pdl_touch                        3291   2.486   2.554  -0.068  49.7%   48.0%   0.9170  dead
D1    outside_bar_bear                  154   2.856   3.202  -0.346  46.8%   52.1%   0.9180  dead
M15   morning_star                     2514   2.347   2.420  -0.074  45.1%   47.5%   0.9195  dead
M15   bull_flag_breakout               1734   2.285   2.377  -0.092  46.0%   47.0%   0.9200  dead
H1    trendline_resistance_touch       2410   2.487   2.563  -0.076  48.1%   49.1%   0.9215  dead
H1    pwl_touch                         524   2.359   2.514  -0.154  43.9%   50.2%   0.9270  dead
H1    inversion_fvg_bullish            2660   2.416   2.487  -0.071  48.6%   49.0%   0.9295  dead
M15   outside_bar_bear                 6615   2.375   2.426  -0.052  45.4%   47.4%   0.9305  dead
D1    round_number_touch                593   2.847   3.021  -0.174  48.4%   48.1%   0.9330  dead
M15   bull_engulfing                  14980   2.261   2.296  -0.035  44.3%   47.1%   0.9385  dead
H1    fib_ext_1618_tag                  386   2.289   2.463  -0.174  46.1%   49.8%   0.9450  dead
H4    breaker_resistance_retest         353   2.276   2.474  -0.198  44.2%   48.4%   0.9460  dead
H1    bull_flag_breakout                523   2.324   2.498  -0.174  46.7%   48.8%   0.9460  dead
H1    tweezer_top                      4172   2.626   2.694  -0.068  48.1%   49.6%   0.9495  dead
D1    inversion_fvg_bullish             208   2.662   2.958  -0.296  50.5%   49.6%   0.9545  dead
H1    breaker_support_retest           1265   2.333   2.448  -0.115  51.4%   50.1%   0.9620  dead
H4    trendline_support_touch           671   2.401   2.560  -0.159  46.7%   47.9%   0.9625  dead
H1    supply_zone_touch                 683   2.239   2.410  -0.172  47.3%   48.7%   0.9650  dead
M15   bear_engulfing                  14805   2.306   2.348  -0.042  45.4%   47.2%   0.9655  dead
H1    pdl_touch                        1919   2.462   2.562  -0.101  48.8%   49.6%   0.9660  dead
H4    sr_flip_resistance                670   2.403   2.588  -0.185  49.7%   48.8%   0.9690  dead
M15   bearish_ob_touch                 2319   2.592   2.704  -0.112  50.0%   48.0%   0.9720  dead
M15   falling_wedge_breakout            200   2.202   2.596  -0.394  44.0%   48.1%   0.9750  dead
H4    morning_star                      116   2.163   2.559  -0.396  40.5%   47.8%   0.9760  dead
H1    outside_bar_bull                 1725   2.564   2.689  -0.126  47.7%   48.8%   0.9785  dead
M15   hammer                           8451   2.231   2.290  -0.059  44.6%   46.9%   0.9795  dead
H1    bullish_ob_touch                  592   2.116   2.319  -0.203  44.8%   47.2%   0.9860  dead
D1    channel_bottom_touch              210   2.599   2.947  -0.349  45.7%   48.5%   0.9875  dead
M15   tweezer_top                     15773   2.164   2.214  -0.050  46.0%   46.9%   0.9885  dead
H1    demand_zone_touch                 651   2.247   2.478  -0.231  44.1%   49.4%   0.9895  dead
H1    entered_premium                   889   2.401   2.596  -0.195  46.7%   49.9%   0.9895  dead
D1    trendline_support_touch           142   2.518   2.992  -0.474  50.0%   48.7%   0.9915  dead
H4    bearish_ob_touch                  159   2.206   2.665  -0.459  49.7%   49.8%   0.9925  dead
H1    trendline_break_retest_bearish    665   2.291   2.542  -0.251  48.9%   49.8%   0.9930  dead
M15   bull_pin                        10133   2.219   2.289  -0.070  44.5%   46.9%   0.9960  dead
D1    sr_flip_support                   100   2.275   2.935  -0.660  43.0%   50.2%   0.9975  dead
H1    round_number_touch               2443   2.257   2.405  -0.148  47.0%   48.6%   0.9990  dead
H1    sr_flip_support                  2602   2.292   2.450  -0.159  49.0%   49.6%   1.0000  dead
M15   round_number_touch               2017   2.150   2.357  -0.207  47.3%   47.9%   1.0000  dead
------------------------------------------------------------------------------------------------
alive=3  dead=190  parked_insufficient_n=78  parked_weak_effect=15

registry: output/stage1_GBPUSD_screen_replication_2026-06-12_1345.jsonl
CAVEAT: hypothesis-generating evidence only; verdicts govern what
advances to Stage 2, never what the live agent trades.
