INFO:DUKASCRIPT:current timestamp :2019-10-23T13:00:00
INFO:DUKASCRIPT:current timestamp :2019-10-23T17:00:00
INFO:DUKASCRIPT:current timestamp :2015-01-30T17:45:00
INFO:DUKASCRIPT:current timestamp :2015-03-02T14:15:00
INFO:DUKASCRIPT:current timestamp :2015-03-31T10:15:00
INFO:DUKASCRIPT:current timestamp :2015-04-29T06:15:00
INFO:DUKASCRIPT:current timestamp :2015-05-28T03:30:00
INFO:DUKASCRIPT:current timestamp :2015-06-25T23:45:00
INFO:DUKASCRIPT:current timestamp :2015-07-24T20:00:00
INFO:DUKASCRIPT:current timestamp :2015-08-24T16:45:00
INFO:DUKASCRIPT:current timestamp :2015-09-22T13:15:00
INFO:DUKASCRIPT:current timestamp :2015-10-21T09:30:00
INFO:DUKASCRIPT:current timestamp :2015-11-19T06:00:00
INFO:DUKASCRIPT:current timestamp :2015-12-18T02:15:00
INFO:DUKASCRIPT:current timestamp :2016-01-19T14:30:00
INFO:DUKASCRIPT:current timestamp :2016-02-17T10:15:00
INFO:DUKASCRIPT:current timestamp :2016-03-17T05:00:00
INFO:DUKASCRIPT:current timestamp :2016-04-15T04:45:00
INFO:DUKASCRIPT:current timestamp :2016-05-16T00:45:00
INFO:DUKASCRIPT:current timestamp :2016-06-13T21:15:00
INFO:DUKASCRIPT:current timestamp :2016-07-12T17:30:00
INFO:DUKASCRIPT:current timestamp :2016-08-10T13:30:00
INFO:DUKASCRIPT:current timestamp :2016-09-08T09:30:00
INFO:DUKASCRIPT:current timestamp :2016-10-07T05:45:00
INFO:DUKASCRIPT:current timestamp :2016-11-07T02:00:00
INFO:DUKASCRIPT:current timestamp :2016-12-05T22:30:00
INFO:DUKASCRIPT:current timestamp :2017-01-03T22:15:00
INFO:DUKASCRIPT:current timestamp :2017-02-01T18:15:00
INFO:DUKASCRIPT:current timestamp :2017-03-02T14:15:00
INFO:DUKASCRIPT:current timestamp :2017-03-31T10:15:00
INFO:DUKASCRIPT:current timestamp :2017-05-01T07:00:00
INFO:DUKASCRIPT:current timestamp :2017-05-30T03:15:00
INFO:DUKASCRIPT:current timestamp :2017-06-27T23:15:00
INFO:DUKASCRIPT:current timestamp :2017-07-26T19:00:00
INFO:DUKASCRIPT:current timestamp :2017-08-24T14:45:00
INFO:DUKASCRIPT:current timestamp :2017-09-22T10:45:00
INFO:DUKASCRIPT:current timestamp :2017-10-23T07:00:00
INFO:DUKASCRIPT:current timestamp :2017-11-21T03:15:00
INFO:DUKASCRIPT:current timestamp :2017-12-19T23:00:00
INFO:DUKASCRIPT:current timestamp :2018-01-19T10:30:00
INFO:DUKASCRIPT:current timestamp :2018-02-19T06:15:00
INFO:DUKASCRIPT:current timestamp :2018-03-20T01:00:00
INFO:DUKASCRIPT:current timestamp :2018-04-17T21:45:00
INFO:DUKASCRIPT:current timestamp :2018-05-16T17:30:00
INFO:DUKASCRIPT:current timestamp :2018-06-14T13:15:00
INFO:DUKASCRIPT:current timestamp :2018-07-13T09:00:00
INFO:DUKASCRIPT:current timestamp :2018-08-13T04:45:00
INFO:DUKASCRIPT:current timestamp :2018-09-11T00:45:00
INFO:DUKASCRIPT:current timestamp :2018-10-09T20:30:00
INFO:DUKASCRIPT:current timestamp :2018-11-07T16:15:00
INFO:DUKASCRIPT:current timestamp :2018-12-06T12:00:00
INFO:DUKASCRIPT:current timestamp :2019-01-07T22:15:00
INFO:DUKASCRIPT:current timestamp :2019-02-05T18:00:00
INFO:DUKASCRIPT:current timestamp :2019-03-06T13:45:00
INFO:DUKASCRIPT:current timestamp :2019-04-04T09:30:00
INFO:DUKASCRIPT:current timestamp :2019-05-03T05:15:00
INFO:DUKASCRIPT:current timestamp :2019-06-03T01:00:00
INFO:DUKASCRIPT:current timestamp :2019-07-01T20:45:00
INFO:DUKASCRIPT:current timestamp :2019-07-30T16:45:00
INFO:DUKASCRIPT:current timestamp :2019-08-28T12:30:00
INFO:DUKASCRIPT:current timestamp :2019-09-26T09:00:00
INFO:DUKASCRIPT:current timestamp :2019-10-25T05:00:00
INFO:DUKASCRIPT:current timestamp :2019-11-25T01:15:00
INFO:DUKASCRIPT:current timestamp :2019-12-23T21:15:00
INFO:DUKASCRIPT:current timestamp :2020-01-23T08:45:00
INFO:DUKASCRIPT:current timestamp :2020-02-21T06:00:00
INFO:DUKASCRIPT:current timestamp :2020-03-23T01:00:00
INFO:DUKASCRIPT:current timestamp :2020-04-20T22:30:00
INFO:DUKASCRIPT:current timestamp :2020-05-19T19:15:00
INFO:DUKASCRIPT:current timestamp :2020-06-17T16:00:00
INFO:DUKASCRIPT:current timestamp :2020-07-16T13:45:00
INFO:DUKASCRIPT:current timestamp :2020-08-14T11:45:00
INFO:DUKASCRIPT:current timestamp :2020-09-14T11:00:00
INFO:DUKASCRIPT:current timestamp :2020-10-13T10:30:00
INFO:DUKASCRIPT:current timestamp :2020-11-11T08:15:00
INFO:DUKASCRIPT:current timestamp :2020-12-10T06:30:00
INFO:DUKASCRIPT:current timestamp :2021-01-11T20:00:00
INFO:DUKASCRIPT:current timestamp :2021-02-09T18:30:00
INFO:DUKASCRIPT:current timestamp :2021-03-10T17:15:00
INFO:DUKASCRIPT:current timestamp :2021-04-08T17:00:00
INFO:DUKASCRIPT:current timestamp :2021-05-07T20:15:00
INFO:DUKASCRIPT:current timestamp :2021-06-07T21:30:00
INFO:DUKASCRIPT:current timestamp :2021-07-06T22:30:00
INFO:DUKASCRIPT:current timestamp :2021-08-04T23:00:00
INFO:DUKASCRIPT:current timestamp :2021-09-03T04:30:00
INFO:DUKASCRIPT:current timestamp :2021-10-04T06:00:00
INFO:DUKASCRIPT:current timestamp :2021-11-02T06:30:00
INFO:DUKASCRIPT:current timestamp :2021-12-01T05:30:00
INFO:DUKASCRIPT:current timestamp :2021-12-30T05:00:00
[CANONICAL] Test A Stage 1 — EURUSD, split 2015-01-01..2021-12-31, TFs: D1, H4, H1, M15
  D1: 2190 bars
  H4: 11272 bars
  H1: 43635 bars
  M15: 174461 bars

Stage-1 verdict registry
================================================================================================
tf    event_type                          n   evMFE   ctMFE  effect   hit%  ctHit%        p  verdict
------------------------------------------------------------------------------------------------
M15   channel_top_touch               19793   2.503   2.428  +0.075  47.7%   47.6%   0.0005  alive
M15   fib_50_tag                       5134   2.588   2.436  +0.152  49.4%   47.7%   0.0005  alive
M15   trendline_liquidity_sweep_low    1133   2.821   2.518  +0.303  47.9%   48.5%   0.0005  alive
M15   fib_618_tag                      4676   2.604   2.480  +0.124  49.9%   47.4%   0.0010  alive
M15   fib_ext_1272_tag                 2482   2.759   2.570  +0.189  50.8%   48.6%   0.0010  alive
M15   fib_382_tag                      5177   2.506   2.397  +0.109  49.1%   47.5%   0.0030  parked_weak_effect
M15   ote_tag                          4674   2.604   2.491  +0.113  49.9%   47.7%   0.0035  parked_weak_effect
M15   double_top_completion            1137   2.693   2.491  +0.202  50.0%   47.6%   0.0040  parked_weak_effect
M15   trendline_support_touch         11339   2.452   2.377  +0.075  48.1%   47.5%   0.0040  parked_weak_effect
M15   bullish_fvg_touch               10627   2.421   2.356  +0.066  47.8%   47.4%   0.0050  parked_weak_effect
H1    double_top_completion             222   2.748   2.368  +0.379  53.1%   49.2%   0.0060  parked_weak_effect
H1    ntouch_resistance_touch           873   2.646   2.438  +0.208  48.7%   48.4%   0.0075  parked_weak_effect
M15   ntouch_resistance_touch          3404   2.609   2.497  +0.112  48.9%   47.7%   0.0100  parked_weak_effect
M15   channel_bottom_touch            19457   2.484   2.440  +0.044  48.1%   47.7%   0.0145  parked_weak_effect
M15   trendline_break_retest_bullish   3003   2.590   2.481  +0.108  48.6%   48.3%   0.0200  parked_weak_effect
H1    trendline_support_touch          2399   2.689   2.591  +0.098  50.0%   49.2%   0.0290  parked_weak_effect
H1    trendline_resistance_touch       2501   2.621   2.533  +0.087  49.5%   48.7%   0.0380  parked_weak_effect
M15   trendline_resistance_touch      11365   2.448   2.403  +0.045  48.4%   47.5%   0.0385  parked_weak_effect
H1    fib_786_tag                       880   2.617   2.462  +0.155  50.8%   47.5%   0.0395  parked_weak_effect
M15   asia_high_sweep                  1014   3.220   3.052  +0.168  50.2%   49.6%   0.0430  parked_weak_effect
H1    equal_highs_pool                  297   2.822   2.555  +0.268  48.5%   50.1%   0.0440  parked_weak_effect
H4    three_white_soldiers               51   3.264   2.437  +0.828  47.1%   46.3%   0.0125  parked_insufficient_n
H4    liquidity_sweep_low                23   3.763   2.609  +1.154  60.9%   54.8%   0.0270  parked_insufficient_n
D1    entered_premium                    55   3.320   2.721  +0.599  50.9%   46.9%   0.0300  parked_insufficient_n
D1    shooting_star                      92   3.087   2.614  +0.473  54.4%   44.6%   0.0385  parked_insufficient_n
H1    triple_bottom_completion           14   3.831   2.540  +1.290  57.1%   44.3%   0.0445  parked_insufficient_n
D1    breaker_resistance_retest          45   3.257   2.634  +0.623  42.2%   47.6%   0.0505  parked_insufficient_n
D1    morning_star                       39   3.278   2.636  +0.642  59.0%   48.7%   0.0515  parked_insufficient_n
D1    supply_zone_touch                  15   3.470   2.680  +0.790  60.0%   48.0%   0.0780  parked_insufficient_n
H4    liquidity_sweep_high               26   2.686   2.185  +0.501  57.7%   42.3%   0.0805  parked_insufficient_n
D1    equal_highs_pool                   15   3.699   2.748  +0.950  53.3%   53.3%   0.0820  parked_insufficient_n
D1    trendline_break_retest_bullish     36   3.341   2.832  +0.508  44.4%   51.7%   0.1209  parked_insufficient_n
D1    hs_completion                       7   3.273   2.175  +1.098  71.4%   54.3%   0.1319  parked_insufficient_n
D1    bull_pin                           84   3.545   3.189  +0.355  52.4%   52.6%   0.1409  parked_insufficient_n
D1    fib_ext_1272_tag                   30   3.474   2.981  +0.493  40.0%   46.7%   0.1564  parked_insufficient_n
H1    ascending_triangle_breakout         5   3.817   2.530  +1.288  60.0%   40.0%   0.1694  parked_insufficient_n
D1    ote_tag                            80   3.076   2.836  +0.240  52.5%   49.0%   0.1849  parked_insufficient_n
H1    triple_top_completion              27   2.537   2.216  +0.321  37.0%   45.2%   0.2074  parked_insufficient_n
D1    fib_618_tag                        80   3.076   2.864  +0.213  52.5%   52.2%   0.2114  parked_insufficient_n
H1    descending_triangle_breakout        7   3.704   2.959  +0.744  71.4%   54.3%   0.2174  parked_insufficient_n
D1    hammer                             79   3.595   3.369  +0.226  54.4%   54.4%   0.2549  parked_insufficient_n
H1    hs_completion                      89   2.602   2.441  +0.161  64.0%   49.7%   0.2549  parked_insufficient_n
D1    bearish_ob_touch                   16   3.420   3.061  +0.359  56.2%   50.0%   0.2819  parked_insufficient_n
H1    inverse_hs_completion              82   2.757   2.594  +0.163  59.8%   51.9%   0.2924  parked_insufficient_n
D1    bear_flag_breakout                 38   3.091   2.865  +0.225  36.8%   52.6%   0.2929  parked_insufficient_n
H4    inverse_hs_completion              28   3.104   2.857  +0.247  57.1%   51.4%   0.2949  parked_insufficient_n
H4    trendline_liquidity_sweep_high     83   2.539   2.411  +0.129  39.8%   48.4%   0.3008  parked_insufficient_n
H4    symmetrical_triangle_breakout_down      5   2.818   2.368  +0.450  40.0%   44.0%   0.3023  parked_insufficient_n
H4    falling_wedge_breakout             30   3.196   2.972  +0.224  66.7%   56.7%   0.3188  parked_insufficient_n
D1    fib_ext_1618_tag                   14   3.185   2.892  +0.293  35.7%   48.6%   0.3333  parked_insufficient_n
D1    bullish_ob_touch                   25   3.233   3.015  +0.218  56.0%   51.2%   0.3338  parked_insufficient_n
D1    trendline_liquidity_sweep_high     19   3.005   2.781  +0.224  57.9%   55.8%   0.3348  parked_insufficient_n
D1    demand_zone_touch                  26   3.108   2.906  +0.202  53.8%   44.6%   0.3413  parked_insufficient_n
D1    double_bottom_completion           19   3.409   3.164  +0.244  47.4%   53.7%   0.3473  parked_insufficient_n
H4    equal_highs_pool                   79   2.896   2.795  +0.101  50.6%   47.6%   0.3598  parked_insufficient_n
M15   ascending_triangle_breakout        53   2.457   2.379  +0.077  49.1%   49.4%   0.3998  parked_insufficient_n
D1    double_top_completion              12   2.539   2.364  +0.175  58.3%   51.7%   0.4003  parked_insufficient_n
M15   symmetrical_triangle_breakout_up     96   2.488   2.434  +0.055  44.8%   47.5%   0.4103  parked_insufficient_n
H4    double_top_completion              62   2.365   2.323  +0.043  61.3%   47.1%   0.4258  parked_insufficient_n
D1    bos_bullish                        29   3.028   2.910  +0.118  44.8%   47.6%   0.4323  parked_insufficient_n
D1    three_white_soldiers               18   3.017   2.936  +0.081  44.4%   40.0%   0.4328  parked_insufficient_n
H1    rising_wedge_breakdown             95   2.117   2.119  -0.002  50.5%   49.7%   0.4893  parked_insufficient_n
D1    rising_wedge_breakdown              8   2.699   2.817  -0.118  87.5%   52.5%   0.5317  parked_insufficient_n
D1    choch_bearish                      24   2.750   2.799  -0.049  58.3%   50.0%   0.5412  parked_insufficient_n
H1    symmetrical_triangle_breakout_up     10   2.873   3.019  -0.145  50.0%   60.0%   0.5767  parked_insufficient_n
D1    choch_bullish                      24   2.555   2.692  -0.136  41.7%   44.2%   0.5827  parked_insufficient_n
M15   descending_triangle_breakout       52   2.655   2.755  -0.100  40.4%   47.7%   0.6017  parked_insufficient_n
D1    fib_382_tag                        70   2.657   2.763  -0.106  45.7%   47.7%   0.6492  parked_insufficient_n
D1    fib_786_tag                        70   2.932   3.053  -0.121  52.9%   51.7%   0.6497  parked_insufficient_n
D1    ntouch_resistance_touch            41   2.769   2.912  -0.143  51.2%   50.2%   0.6542  parked_insufficient_n
D1    fib_50_tag                         84   2.827   2.957  -0.130  52.4%   51.2%   0.6572  parked_insufficient_n
H4    equal_lows_pool                    54   2.686   2.825  -0.140  53.7%   48.9%   0.6827  parked_insufficient_n
D1    trendline_break_retest_bearish     28   2.536   2.749  -0.213  53.6%   46.4%   0.7021  parked_insufficient_n
H4    triple_top_completion               5   2.538   3.015  -0.478  60.0%   48.0%   0.7021  parked_insufficient_n
H4    triple_bottom_completion            3   1.400   2.098  -0.698   0.0%   33.3%   0.7096  parked_insufficient_n
H1    rectangle_breakout_down             2   1.032   1.678  -0.646  50.0%   40.0%   0.7486  parked_insufficient_n
D1    entered_discount                   59   2.786   2.994  -0.208  40.7%   51.2%   0.7536  parked_insufficient_n
M15   rectangle_breakout_up               2   1.392   3.107  -1.714 100.0%   80.0%   0.7616  parked_insufficient_n
D1    three_black_crows                  13   2.368   2.894  -0.526  53.8%   58.5%   0.7731  parked_insufficient_n
H4    trendline_liquidity_sweep_low      83   2.269   2.461  -0.192  56.6%   48.4%   0.7761  parked_insufficient_n
H4    double_bottom_completion           56   2.363   2.616  -0.253  55.4%   46.1%   0.7881  parked_insufficient_n
D1    inverse_hs_completion               5   2.001   2.779  -0.778  60.0%   52.0%   0.8056  parked_insufficient_n
D1    bull_flag_breakout                 35   2.438   2.877  -0.439  28.6%   47.4%   0.8311  parked_insufficient_n
D1    falling_wedge_breakout              3   1.800   3.220  -1.420  33.3%   60.0%   0.8481  parked_insufficient_n
D1    evening_star                       29   2.281   2.745  -0.464  58.6%   49.7%   0.8521  parked_insufficient_n
H4    hs_completion                      19   1.988   2.536  -0.548  36.8%   45.3%   0.8536  parked_insufficient_n
M15   rectangle_breakout_down             2   1.288   2.028  -0.740  50.0%   70.0%   0.8646  parked_insufficient_n
H1    symmetrical_triangle_breakout_down     34   1.869   2.321  -0.452  38.2%   51.2%   0.8671  parked_insufficient_n
H4    three_black_crows                  56   2.038   2.422  -0.383  39.3%   52.1%   0.9120  parked_insufficient_n
D1    trendline_liquidity_sweep_low      11   1.927   3.223  -1.296  27.3%   52.7%   0.9200  parked_insufficient_n
H1    falling_wedge_breakout             92   2.169   2.500  -0.331  51.1%   50.0%   0.9225  parked_insufficient_n
D1    ntouch_support_touch               29   2.555   3.207  -0.652  34.5%   55.9%   0.9230  parked_insufficient_n
D1    liquidity_sweep_high                4   1.450   2.726  -1.276  50.0%   55.0%   0.9330  parked_insufficient_n
D1    liquidity_sweep_low                 7   1.892   3.491  -1.598   0.0%   54.3%   0.9455  parked_insufficient_n
D1    equal_lows_pool                    21   1.942   2.756  -0.814  42.9%   45.7%   0.9500  parked_insufficient_n
H4    rising_wedge_breakdown             21   1.858   2.804  -0.946  38.1%   56.2%   0.9815  parked_insufficient_n
D1    breaker_support_retest             26   1.772   2.877  -1.105  50.0%   48.5%   0.9950  parked_insufficient_n
D1    bos_bearish                        20   1.929   3.129  -1.200  60.0%   56.0%   0.9970  parked_insufficient_n
M15   symmetrical_triangle_breakout_down    194   2.730   2.398  +0.332  48.4%   47.7%   0.0580  dead
M15   entered_premium                  3738   2.405   2.342  +0.062  47.5%   47.3%   0.0775  dead
M15   inversion_fvg_bullish           11848   2.440   2.405  +0.035  47.9%   47.2%   0.0775  dead
M15   fib_786_tag                      3616   2.601   2.537  +0.064  47.9%   48.1%   0.0905  dead
H4    bullish_fvg_touch                 664   2.712   2.581  +0.131  50.7%   47.6%   0.0925  dead
M15   fib_ext_1618_tag                 1330   2.772   2.670  +0.102  51.6%   48.4%   0.0925  dead
M15   entered_discount                 3792   2.400   2.344  +0.056  48.2%   47.0%   0.0950  dead
M15   triple_top_completion             178   3.046   2.751  +0.294  46.6%   47.5%   0.0990  dead
M15   equal_highs_pool                 1725   2.339   2.260  +0.079  45.9%   47.1%   0.1004  dead
M15   equal_lows_pool                  1739   2.341   2.258  +0.083  47.4%   46.9%   0.1024  dead
H1    choch_bearish                     490   2.656   2.526  +0.130  50.2%   48.1%   0.1294  dead
H1    three_black_crows                 318   2.386   2.248  +0.139  49.4%   49.2%   0.1384  dead
H1    entered_discount                  789   2.560   2.464  +0.096  47.3%   48.6%   0.1409  dead
H1    fib_618_tag                      1181   2.584   2.506  +0.077  49.5%   48.1%   0.1459  dead
H4    inversion_fvg_bullish             810   2.638   2.556  +0.083  51.2%   48.2%   0.1659  dead
M15   double_bottom_completion         1144   2.542   2.466  +0.076  46.0%   48.9%   0.1664  dead
D1    bear_pin                          111   3.105   2.871  +0.234  55.9%   52.2%   0.1689  dead
D1    channel_bottom_touch              232   3.137   2.977  +0.160  51.3%   48.4%   0.1784  dead
M15   pdl_touch                        3503   2.474   2.436  +0.038  48.2%   47.3%   0.1904  dead
H1    bullish_fvg_touch                2452   2.641   2.595  +0.045  50.2%   49.3%   0.1949  dead
M15   choch_bullish                    2202   2.481   2.431  +0.050  46.2%   47.9%   0.2049  dead
H1    demand_zone_touch                 593   2.487   2.408  +0.079  48.4%   49.5%   0.2084  dead
H4    entered_premium                   257   2.615   2.500  +0.115  49.4%   48.3%   0.2174  dead
M15   trendline_liquidity_sweep_high   1146   2.680   2.614  +0.066  44.7%   47.4%   0.2194  dead
D1    pwl_touch                         192   3.117   2.962  +0.154  52.6%   48.6%   0.2199  dead
H1    hammer                           1840   2.635   2.588  +0.047  46.4%   48.5%   0.2239  dead
H1    morning_star                      571   2.639   2.554  +0.086  52.0%   50.4%   0.2244  dead
H1    fib_382_tag                      1360   2.696   2.642  +0.054  49.8%   48.8%   0.2249  dead
M15   liquidity_sweep_high              684   2.502   2.428  +0.074  47.4%   49.9%   0.2264  dead
D1    pwh_touch                         181   2.916   2.782  +0.134  55.8%   48.2%   0.2309  dead
M15   ntouch_support_touch             3438   2.516   2.482  +0.033  47.6%   47.2%   0.2354  dead
H4    morning_star                      122   2.713   2.559  +0.155  60.7%   44.9%   0.2374  dead
M15   bear_pin                        10292   2.283   2.266  +0.017  45.3%   46.9%   0.2389  dead
H4    evening_star                      134   2.695   2.577  +0.119  52.2%   49.4%   0.2454  dead
H1    outside_bar_bear                 1695   2.676   2.635  +0.042  48.4%   48.0%   0.2539  dead
H4    trendline_break_retest_bearish    149   2.594   2.487  +0.107  46.3%   46.9%   0.2559  dead
H1    outside_bar_bull                 1740   2.728   2.687  +0.041  48.1%   49.4%   0.2909  dead
M15   asia_low_sweep                    994   2.906   2.858  +0.048  46.6%   48.5%   0.2924  dead
H1    fib_ext_1272_tag                  742   2.579   2.525  +0.054  47.0%   49.7%   0.2929  dead
M15   liquidity_sweep_low               666   2.479   2.429  +0.051  45.1%   46.9%   0.3048  dead
D1    bearish_fvg_touch                 180   2.800   2.722  +0.079  44.4%   49.0%   0.3178  dead
H1    equal_lows_pool                   311   2.727   2.656  +0.070  52.1%   48.0%   0.3178  dead
H1    liquidity_sweep_low               103   2.715   2.608  +0.107  46.6%   51.5%   0.3398  dead
H1    bos_bullish                       548   2.614   2.574  +0.040  50.7%   49.6%   0.3408  dead
H4    shooting_star                     549   2.443   2.406  +0.037  44.6%   47.4%   0.3418  dead
H1    choch_bullish                     490   2.554   2.511  +0.042  50.4%   47.5%   0.3423  dead
H4    pwl_touch                         364   2.746   2.689  +0.057  47.5%   49.4%   0.3463  dead
H1    tweezer_bottom                   4189   2.679   2.663  +0.015  50.3%   50.0%   0.3488  dead
D1    sr_flip_resistance                104   2.821   2.735  +0.085  43.3%   49.6%   0.3528  dead
H1    sr_flip_support                  2636   2.517   2.498  +0.019  51.2%   49.1%   0.3553  dead
M15   inversion_fvg_bearish           11921   2.449   2.439  +0.010  47.9%   47.9%   0.3558  dead
M15   three_black_crows                1250   2.668   2.640  +0.028  46.9%   48.4%   0.3578  dead
H1    trendline_break_retest_bearish    677   2.468   2.436  +0.032  48.3%   48.7%   0.3658  dead
H4    pwh_touch                         309   2.549   2.508  +0.042  46.3%   48.7%   0.3678  dead
H1    double_bottom_completion          209   2.816   2.744  +0.071  54.1%   52.5%   0.3678  dead
D1    bull_engulfing                    169   3.169   3.113  +0.057  54.4%   50.2%   0.3723  dead
H4    fib_382_tag                       362   2.546   2.509  +0.037  47.5%   48.7%   0.3733  dead
H1    fib_50_tag                       1280   2.635   2.615  +0.021  48.2%   48.7%   0.3853  dead
M15   falling_wedge_breakout            236   2.345   2.310  +0.035  49.6%   47.4%   0.4053  dead
H4    outside_bar_bull                  586   2.601   2.575  +0.026  50.3%   48.6%   0.4058  dead
H1    ote_tag                          1181   2.584   2.569  +0.015  49.5%   48.9%   0.4073  dead
D1    trendline_support_touch           142   3.081   3.040  +0.041  50.7%   51.3%   0.4158  dead
H4    ntouch_support_touch              213   2.600   2.574  +0.027  48.4%   47.9%   0.4158  dead
M15   morning_star                     2548   2.382   2.374  +0.008  47.8%   48.5%   0.4238  dead
H1    bearish_ob_touch                  606   2.332   2.318  +0.014  48.0%   48.3%   0.4243  dead
M15   sr_flip_support                 11042   2.397   2.393  +0.005  46.4%   47.8%   0.4243  dead
H4    pdl_touch                        1138   2.668   2.657  +0.011  49.7%   48.3%   0.4248  dead
D1    bear_engulfing                    202   2.863   2.835  +0.028  46.5%   49.5%   0.4353  dead
H4    trendline_support_touch           550   2.637   2.617  +0.020  49.1%   48.1%   0.4363  dead
D1    round_number_touch                465   2.956   2.937  +0.019  50.5%   48.7%   0.4393  dead
H4    tweezer_bottom                   1009   2.585   2.575  +0.010  50.0%   48.0%   0.4408  dead
H1    trendline_liquidity_sweep_high    323   2.438   2.421  +0.017  49.2%   49.4%   0.4573  dead
H4    tweezer_top                       996   2.545   2.539  +0.006  49.4%   48.8%   0.4623  dead
H4    ote_tag                           341   2.479   2.473  +0.006  44.3%   47.7%   0.4628  dead
H4    fib_786_tag                       264   2.475   2.464  +0.011  46.6%   47.8%   0.4633  dead
D1    inversion_fvg_bearish             181   2.973   2.961  +0.013  48.1%   47.7%   0.4683  dead
H4    channel_top_touch                1197   2.470   2.467  +0.003  48.1%   48.3%   0.4783  dead
H4    inversion_fvg_bearish             734   2.469   2.467  +0.002  50.1%   47.7%   0.4863  dead
H4    fib_ext_1618_tag                  100   2.415   2.404  +0.012  46.0%   49.6%   0.4868  dead
D1    outside_bar_bear                  137   2.716   2.709  +0.006  48.9%   47.3%   0.4913  dead
M15   bearish_fvg_touch               10442   2.391   2.390  +0.002  47.9%   47.3%   0.4933  dead
H1    bullish_ob_touch                  563   2.392   2.396  -0.004  48.9%   48.8%   0.5017  dead
M15   bos_bullish                      2026   2.426   2.424  +0.002  44.9%   48.0%   0.5057  dead
H1    asia_low_sweep                    860   2.733   2.740  -0.006  45.7%   46.0%   0.5102  dead
M15   bull_pin                        10149   2.274   2.276  -0.002  45.3%   47.2%   0.5177  dead
D1    sr_flip_support                   117   3.028   3.046  -0.018  43.6%   51.1%   0.5197  dead
H1    liquidity_sweep_high              117   2.577   2.611  -0.034  51.3%   46.0%   0.5367  dead
M15   pwl_touch                        1227   2.345   2.354  -0.009  45.6%   47.7%   0.5417  dead
M15   outside_bar_bear                 6483   2.367   2.372  -0.004  45.3%   47.2%   0.5477  dead
H1    trendline_break_retest_bullish    701   2.509   2.529  -0.020  48.2%   48.4%   0.5597  dead
H4    bull_pin                          592   2.604   2.624  -0.020  46.0%   47.8%   0.5632  dead
H4    supply_zone_touch                 185   2.356   2.381  -0.025  48.6%   48.0%   0.5712  dead
H4    bos_bullish                       129   2.480   2.539  -0.059  53.5%   50.2%   0.5872  dead
H1    trendline_liquidity_sweep_low     275   2.482   2.527  -0.046  46.9%   47.2%   0.5972  dead
M15   bear_engulfing                  15044   2.313   2.319  -0.006  46.4%   47.1%   0.6007  dead
M15   triple_bottom_completion          182   2.392   2.452  -0.060  41.8%   46.6%   0.6102  dead
H4    fib_618_tag                       341   2.479   2.516  -0.036  44.3%   49.9%   0.6222  dead
H4    trendline_break_retest_bullish    182   2.501   2.551  -0.050  52.2%   46.8%   0.6237  dead
H1    bull_pin                         2269   2.595   2.614  -0.018  46.4%   48.5%   0.6272  dead
M15   trendline_break_retest_bearish   3096   2.494   2.512  -0.018  48.1%   47.9%   0.6302  dead
H1    tweezer_top                      4039   2.638   2.653  -0.015  47.9%   49.3%   0.6337  dead
H4    bull_engulfing                    901   2.621   2.654  -0.033  48.3%   47.8%   0.6437  dead
D1    channel_top_touch                 261   2.641   2.696  -0.055  51.3%   48.9%   0.6507  dead
H1    ntouch_support_touch              838   2.513   2.552  -0.039  47.0%   49.8%   0.6567  dead
H1    channel_bottom_touch             4237   2.579   2.593  -0.015  48.4%   50.0%   0.6592  dead
H4    fib_50_tag                        357   2.475   2.528  -0.053  47.6%   49.9%   0.6642  dead
H1    inversion_fvg_bullish            2727   2.504   2.523  -0.018  50.3%   49.4%   0.6642  dead
H1    asia_high_sweep                   900   2.688   2.727  -0.039  51.3%   50.5%   0.6697  dead
M15   bos_bearish                      1973   2.431   2.461  -0.030  43.7%   48.1%   0.6747  dead
D1    inversion_fvg_bullish             214   2.866   2.961  -0.095  43.5%   49.0%   0.6777  dead
H4    ntouch_resistance_touch           233   2.422   2.485  -0.063  49.8%   48.8%   0.6882  dead
H4    choch_bullish                     138   2.634   2.749  -0.115  48.5%   50.6%   0.6947  dead
M15   bull_flag_breakout               1741   2.312   2.348  -0.036  44.8%   48.6%   0.6977  dead
H4    pdh_touch                        1083   2.451   2.483  -0.033  45.1%   47.6%   0.7056  dead
H1    bear_engulfing                   3632   2.579   2.603  -0.024  47.6%   48.9%   0.7066  dead
H1    channel_top_touch                4689   2.482   2.502  -0.021  47.0%   48.1%   0.7186  dead
D1    tweezer_bottom                    157   3.083   3.224  -0.141  47.1%   53.4%   0.7286  dead
M15   three_white_soldiers             1208   2.473   2.519  -0.046  48.2%   48.4%   0.7301  dead
H1    three_white_soldiers              290   2.253   2.337  -0.084  48.6%   49.4%   0.7471  dead
M15   outside_bar_bull                 6684   2.376   2.400  -0.023  46.4%   48.1%   0.7591  dead
M15   pdh_touch                        3406   2.477   2.512  -0.035  48.8%   48.5%   0.7676  dead
H1    supply_zone_touch                 648   2.353   2.420  -0.067  48.6%   49.5%   0.7681  dead
H4    hammer                            496   2.601   2.690  -0.088  44.6%   49.8%   0.7686  dead
M15   supply_zone_touch                2420   2.513   2.558  -0.045  49.6%   48.2%   0.7716  dead
H4    bear_pin                          588   2.431   2.501  -0.070  44.0%   48.1%   0.7731  dead
H4    bullish_ob_touch                  150   2.442   2.602  -0.160  48.0%   47.7%   0.7791  dead
D1    bullish_fvg_touch                 177   2.949   3.122  -0.173  49.1%   48.6%   0.7871  dead
H1    pwl_touch                         652   2.403   2.487  -0.084  49.7%   48.7%   0.7936  dead
H4    bear_engulfing                    977   2.435   2.491  -0.056  48.9%   48.7%   0.7941  dead
H4    bear_flag_breakout                157   2.336   2.479  -0.143  46.5%   48.0%   0.7996  dead
M15   hs_completion                     286   2.481   2.620  -0.140  44.1%   47.1%   0.8061  dead
M15   pwh_touch                         920   2.315   2.394  -0.079  44.4%   47.8%   0.8106  dead
D1    tweezer_top                       174   2.631   2.794  -0.163  46.6%   46.6%   0.8116  dead
H1    inversion_fvg_bearish            2720   2.441   2.484  -0.043  48.3%   47.9%   0.8131  dead
M15   inverse_hs_completion             306   2.434   2.593  -0.158  47.4%   49.1%   0.8206  dead
H1    entered_premium                   803   2.394   2.473  -0.079  47.6%   49.0%   0.8281  dead
H4    channel_bottom_touch             1005   2.558   2.636  -0.078  50.4%   49.1%   0.8311  dead
H1    bearish_fvg_touch                2472   2.470   2.520  -0.051  48.5%   48.6%   0.8446  dead
M15   breaker_support_retest           4362   2.394   2.433  -0.039  46.7%   47.1%   0.8446  dead
M15   evening_star                     2508   2.373   2.426  -0.053  47.0%   48.1%   0.8486  dead
H4    bos_bearish                       138   2.361   2.542  -0.181  45.6%   49.3%   0.8521  dead
H4    demand_zone_touch                 168   2.426   2.642  -0.216  47.0%   48.8%   0.8591  dead
H4    bearish_fvg_touch                 726   2.432   2.527  -0.094  50.3%   48.5%   0.8721  dead
M15   tweezer_top                     15697   2.164   2.188  -0.025  45.6%   46.4%   0.8756  dead
H1    bear_pin                         2486   2.544   2.600  -0.056  47.7%   48.9%   0.8821  dead
M15   choch_bearish                    2202   2.441   2.508  -0.068  46.4%   47.9%   0.8841  dead
H4    bull_flag_breakout                156   2.378   2.622  -0.243  41.0%   47.8%   0.8846  dead
H1    bos_bearish                       532   2.465   2.611  -0.146  48.5%   49.3%   0.8936  dead
M15   bearish_ob_touch                 2294   2.529   2.599  -0.070  49.0%   49.0%   0.8951  dead
H4    bearish_ob_touch                  171   2.299   2.514  -0.214  43.9%   48.8%   0.9030  dead
H1    fib_ext_1618_tag                  374   2.319   2.500  -0.181  47.9%   49.4%   0.9095  dead
H1    pwh_touch                         532   2.336   2.483  -0.146  48.3%   48.4%   0.9155  dead
H1    bull_flag_breakout                511   2.420   2.566  -0.146  45.0%   51.7%   0.9160  dead
H4    entered_discount                  263   2.432   2.651  -0.219  50.6%   48.5%   0.9225  dead
H4    sr_flip_support                   665   2.472   2.611  -0.139  47.4%   48.2%   0.9300  dead
H1    shooting_star                    2159   2.535   2.616  -0.080  47.3%   48.8%   0.9320  dead
H1    evening_star                      532   2.359   2.513  -0.154  46.6%   48.8%   0.9330  dead
H1    breaker_resistance_retest        1080   2.240   2.342  -0.102  48.1%   47.1%   0.9350  dead
H4    fib_ext_1272_tag                  184   2.308   2.563  -0.254  47.8%   47.8%   0.9360  dead
M15   bullish_ob_touch                 2132   2.418   2.506  -0.087  46.8%   47.9%   0.9380  dead
H4    choch_bearish                     137   2.250   2.533  -0.284  46.7%   48.0%   0.9415  dead
D1    outside_bar_bull                  135   2.614   3.000  -0.386  54.8%   51.8%   0.9495  dead
H4    trendline_resistance_touch        605   2.318   2.457  -0.139  44.5%   47.5%   0.9505  dead
M15   shooting_star                    8364   2.221   2.269  -0.049  44.9%   46.6%   0.9560  dead
H1    bull_engulfing                   3539   2.597   2.678  -0.080  48.2%   49.8%   0.9640  dead
H4    breaker_support_retest            334   2.395   2.648  -0.253  46.7%   50.2%   0.9670  dead
M15   demand_zone_touch                2276   2.444   2.554  -0.110  46.8%   48.3%   0.9705  dead
D1    trendline_resistance_touch        154   2.427   2.783  -0.355  42.9%   47.5%   0.9715  dead
H1    pdl_touch                        1975   2.523   2.644  -0.121  48.7%   48.7%   0.9740  dead
M15   bull_engulfing                  14626   2.268   2.309  -0.040  45.7%   47.7%   0.9740  dead
H4    round_number_touch               1163   2.395   2.550  -0.155  46.9%   48.1%   0.9890  dead
H4    breaker_resistance_retest         300   2.171   2.439  -0.268  55.7%   46.8%   0.9895  dead
M15   breaker_resistance_retest        4238   2.384   2.483  -0.099  48.4%   48.8%   0.9915  dead
M15   hammer                           8504   2.214   2.286  -0.072  46.2%   47.2%   0.9955  dead
M15   tweezer_bottom                  15550   2.138   2.188  -0.050  46.3%   47.0%   0.9955  dead
H1    pdh_touch                        1933   2.435   2.602  -0.166  47.9%   48.8%   0.9980  dead
M15   rising_wedge_breakdown            276   2.157   2.606  -0.449  39.1%   49.4%   0.9985  dead
H4    sr_flip_resistance                636   2.221   2.494  -0.273  48.7%   48.8%   0.9995  dead
H1    bear_flag_breakout                548   2.138   2.438  -0.300  41.2%   48.3%   0.9995  dead
H1    breaker_support_retest           1166   2.239   2.482  -0.243  46.0%   49.5%   0.9995  dead
H1    round_number_touch               1297   2.228   2.441  -0.212  46.7%   50.1%   0.9995  dead
H4    outside_bar_bear                  609   2.266   2.559  -0.293  47.8%   50.2%   1.0000  dead
H1    sr_flip_resistance               2623   2.233   2.418  -0.185  50.8%   49.1%   1.0000  dead
M15   bear_flag_breakout               1810   2.279   2.509  -0.231  46.1%   49.1%   1.0000  dead
M15   round_number_touch                818   2.074   2.390  -0.315  44.6%   48.9%   1.0000  dead
M15   sr_flip_resistance              10968   2.314   2.459  -0.145  47.8%   48.2%   1.0000  dead
------------------------------------------------------------------------------------------------
alive=5  dead=186  parked_insufficient_n=77  parked_weak_effect=16

registry: output/stage1_EURUSD_screen_hourmatched_2026-06-12_1340.jsonl
CAVEAT: hypothesis-generating evidence only; verdicts govern what
advances to Stage 2, never what the live agent trades.
