INFO:DUKASCRIPT:current timestamp :2019-10-23T13:00:00
INFO:DUKASCRIPT:current timestamp :2019-10-23T17:00:00
INFO:DUKASCRIPT:current timestamp :2015-01-30T17:45:00
INFO:DUKASCRIPT:current timestamp :2015-03-02T14:15:00
INFO:DUKASCRIPT:current timestamp :2015-03-31T10:15:00
INFO:DUKASCRIPT:current timestamp :2015-04-29T06:15:00
INFO:DUKASCRIPT:current timestamp :2015-05-28T03:30:00
INFO:DUKASCRIPT:current timestamp :2015-06-25T23:45:00
INFO:DUKASCRIPT:current timestamp :2015-07-24T20:00:00
INFO:DUKASCRIPT:current timestamp :2015-08-24T16:45:00
INFO:DUKASCRIPT:current timestamp :2015-09-22T13:15:00
INFO:DUKASCRIPT:current timestamp :2015-10-21T09:30:00
INFO:DUKASCRIPT:current timestamp :2015-11-19T06:00:00
INFO:DUKASCRIPT:current timestamp :2015-12-18T02:15:00
INFO:DUKASCRIPT:current timestamp :2016-01-19T14:30:00
INFO:DUKASCRIPT:current timestamp :2016-02-17T10:15:00
INFO:DUKASCRIPT:current timestamp :2016-03-17T05:00:00
INFO:DUKASCRIPT:current timestamp :2016-04-15T04:45:00
INFO:DUKASCRIPT:current timestamp :2016-05-16T00:45:00
INFO:DUKASCRIPT:current timestamp :2016-06-13T21:15:00
INFO:DUKASCRIPT:current timestamp :2016-07-12T17:30:00
INFO:DUKASCRIPT:current timestamp :2016-08-10T13:30:00
INFO:DUKASCRIPT:current timestamp :2016-09-08T09:30:00
INFO:DUKASCRIPT:current timestamp :2016-10-07T05:45:00
INFO:DUKASCRIPT:current timestamp :2016-11-07T02:00:00
INFO:DUKASCRIPT:current timestamp :2016-12-05T22:30:00
INFO:DUKASCRIPT:current timestamp :2017-01-03T22:15:00
INFO:DUKASCRIPT:current timestamp :2017-02-01T18:15:00
INFO:DUKASCRIPT:current timestamp :2017-03-02T14:15:00
INFO:DUKASCRIPT:current timestamp :2017-03-31T10:15:00
INFO:DUKASCRIPT:current timestamp :2017-05-01T07:00:00
INFO:DUKASCRIPT:current timestamp :2017-05-30T03:15:00
INFO:DUKASCRIPT:current timestamp :2017-06-27T23:15:00
INFO:DUKASCRIPT:current timestamp :2017-07-26T19:00:00
INFO:DUKASCRIPT:current timestamp :2017-08-24T14:45:00
INFO:DUKASCRIPT:current timestamp :2017-09-22T10:45:00
INFO:DUKASCRIPT:current timestamp :2017-10-23T07:00:00
INFO:DUKASCRIPT:current timestamp :2017-11-21T03:15:00
INFO:DUKASCRIPT:current timestamp :2017-12-19T23:00:00
INFO:DUKASCRIPT:current timestamp :2018-01-19T10:30:00
INFO:DUKASCRIPT:current timestamp :2018-02-19T06:15:00
INFO:DUKASCRIPT:current timestamp :2018-03-20T01:00:00
INFO:DUKASCRIPT:current timestamp :2018-04-17T21:45:00
INFO:DUKASCRIPT:current timestamp :2018-05-16T17:30:00
INFO:DUKASCRIPT:current timestamp :2018-06-14T13:15:00
INFO:DUKASCRIPT:current timestamp :2018-07-13T09:00:00
INFO:DUKASCRIPT:current timestamp :2018-08-13T04:45:00
INFO:DUKASCRIPT:current timestamp :2018-09-11T00:45:00
INFO:DUKASCRIPT:current timestamp :2018-10-09T20:30:00
INFO:DUKASCRIPT:current timestamp :2018-11-07T16:15:00
INFO:DUKASCRIPT:current timestamp :2018-12-06T12:00:00
INFO:DUKASCRIPT:current timestamp :2019-01-07T22:15:00
INFO:DUKASCRIPT:current timestamp :2019-02-05T18:00:00
INFO:DUKASCRIPT:current timestamp :2019-03-06T13:45:00
INFO:DUKASCRIPT:current timestamp :2019-04-04T09:30:00
INFO:DUKASCRIPT:current timestamp :2019-05-03T05:15:00
INFO:DUKASCRIPT:current timestamp :2019-06-03T01:00:00
INFO:DUKASCRIPT:current timestamp :2019-07-01T20:45:00
INFO:DUKASCRIPT:current timestamp :2019-07-30T16:45:00
INFO:DUKASCRIPT:current timestamp :2019-08-28T12:30:00
INFO:DUKASCRIPT:current timestamp :2019-09-26T09:00:00
INFO:DUKASCRIPT:current timestamp :2019-10-25T05:00:00
INFO:DUKASCRIPT:current timestamp :2019-11-25T01:15:00
INFO:DUKASCRIPT:current timestamp :2019-12-23T21:15:00
INFO:DUKASCRIPT:current timestamp :2020-01-23T08:45:00
INFO:DUKASCRIPT:current timestamp :2020-02-21T06:00:00
INFO:DUKASCRIPT:current timestamp :2020-03-23T01:00:00
INFO:DUKASCRIPT:current timestamp :2020-04-20T22:30:00
INFO:DUKASCRIPT:current timestamp :2020-05-19T19:15:00
INFO:DUKASCRIPT:current timestamp :2020-06-17T16:00:00
INFO:DUKASCRIPT:current timestamp :2020-07-16T13:45:00
INFO:DUKASCRIPT:current timestamp :2020-08-14T11:45:00
INFO:DUKASCRIPT:current timestamp :2020-09-14T11:00:00
INFO:DUKASCRIPT:current timestamp :2020-10-13T10:30:00
INFO:DUKASCRIPT:current timestamp :2020-11-11T08:15:00
INFO:DUKASCRIPT:current timestamp :2020-12-10T06:30:00
INFO:DUKASCRIPT:current timestamp :2021-01-11T20:00:00
INFO:DUKASCRIPT:current timestamp :2021-02-09T18:30:00
INFO:DUKASCRIPT:current timestamp :2021-03-10T17:15:00
INFO:DUKASCRIPT:current timestamp :2021-04-08T17:00:00
INFO:DUKASCRIPT:current timestamp :2021-05-07T20:15:00
INFO:DUKASCRIPT:current timestamp :2021-06-07T21:30:00
INFO:DUKASCRIPT:current timestamp :2021-07-06T22:30:00
INFO:DUKASCRIPT:current timestamp :2021-08-04T23:00:00
INFO:DUKASCRIPT:current timestamp :2021-09-03T04:30:00
INFO:DUKASCRIPT:current timestamp :2021-10-04T06:00:00
INFO:DUKASCRIPT:current timestamp :2021-11-02T06:30:00
INFO:DUKASCRIPT:current timestamp :2021-12-01T05:30:00
INFO:DUKASCRIPT:current timestamp :2021-12-30T05:00:00
[CANONICAL] Test A Stage 1 — EURUSD, split 2015-01-01..2021-12-31, TFs: D1, H4, H1, M15
  D1: 2190 bars
  H4: 11272 bars
  H1: 43635 bars
  M15: 174461 bars

Stage-1 verdict registry
================================================================================================
tf    event_type                          n   evMFE   ctMFE  effect   hit%  ctHit%        p  verdict
------------------------------------------------------------------------------------------------
M15   asia_high_sweep                  1014   3.220   2.235  +0.986  50.2%   46.0%   0.0005  alive
M15   asia_low_sweep                    994   2.906   2.300  +0.606  46.6%   47.6%   0.0005  alive
M15   bearish_fvg_touch               10442   2.391   2.304  +0.087  47.9%   47.0%   0.0005  alive
M15   bearish_ob_touch                 2294   2.529   2.308  +0.221  49.0%   47.5%   0.0005  alive
M15   bullish_fvg_touch               10627   2.421   2.277  +0.144  47.8%   47.5%   0.0005  alive
M15   channel_bottom_touch            19457   2.484   2.296  +0.188  48.1%   47.6%   0.0005  alive
M15   channel_top_touch               19793   2.503   2.300  +0.203  47.7%   47.0%   0.0005  alive
M15   double_top_completion            1137   2.693   2.233  +0.460  50.0%   46.5%   0.0005  alive
M15   fib_382_tag                      5177   2.506   2.290  +0.216  49.1%   47.7%   0.0005  alive
M15   fib_50_tag                       5134   2.588   2.289  +0.299  49.4%   47.1%   0.0005  alive
M15   fib_618_tag                      4676   2.604   2.286  +0.318  49.9%   47.5%   0.0005  alive
M15   fib_786_tag                      3616   2.601   2.303  +0.299  47.9%   46.6%   0.0005  alive
M15   fib_ext_1272_tag                 2482   2.759   2.322  +0.437  50.8%   48.4%   0.0005  alive
M15   fib_ext_1618_tag                 1330   2.772   2.269  +0.503  51.6%   47.0%   0.0005  alive
M15   inversion_fvg_bearish           11921   2.449   2.297  +0.151  47.9%   47.1%   0.0005  alive
M15   inversion_fvg_bullish           11848   2.440   2.268  +0.172  47.9%   47.6%   0.0005  alive
M15   ntouch_resistance_touch          3404   2.609   2.318  +0.291  48.9%   46.8%   0.0005  alive
M15   ntouch_support_touch             3438   2.516   2.271  +0.245  47.6%   47.5%   0.0005  alive
M15   ote_tag                          4674   2.604   2.305  +0.300  49.9%   46.7%   0.0005  alive
M15   pdh_touch                        3406   2.477   2.317  +0.160  48.8%   47.4%   0.0005  alive
M15   pdl_touch                        3503   2.474   2.294  +0.181  48.2%   47.9%   0.0005  alive
M15   sr_flip_support                 11042   2.397   2.289  +0.108  46.4%   47.1%   0.0005  alive
M15   supply_zone_touch                2420   2.513   2.270  +0.243  49.6%   47.0%   0.0005  alive
M15   three_black_crows                1250   2.668   2.352  +0.316  46.9%   46.7%   0.0005  alive
M15   trendline_break_retest_bearish   3096   2.494   2.300  +0.194  48.1%   47.0%   0.0005  alive
M15   trendline_break_retest_bullish   3003   2.590   2.275  +0.315  48.6%   47.6%   0.0005  alive
M15   trendline_liquidity_sweep_high   1146   2.680   2.318  +0.362  44.7%   48.1%   0.0005  alive
M15   trendline_liquidity_sweep_low    1133   2.821   2.301  +0.520  47.9%   47.3%   0.0005  alive
M15   trendline_resistance_touch      11365   2.448   2.311  +0.138  48.4%   47.2%   0.0005  alive
M15   trendline_support_touch         11339   2.452   2.285  +0.167  48.1%   47.6%   0.0005  alive
M15   three_white_soldiers             1208   2.473   2.235  +0.239  48.2%   48.1%   0.0010  alive
M15   choch_bullish                    2202   2.481   2.299  +0.182  46.2%   47.8%   0.0015  alive
M15   breaker_support_retest           4362   2.394   2.274  +0.120  46.7%   47.2%   0.0020  alive
M15   double_bottom_completion         1144   2.542   2.305  +0.237  46.0%   46.6%   0.0020  alive
M15   triple_top_completion             178   3.046   2.282  +0.764  46.6%   46.3%   0.0020  alive
M15   entered_discount                 3792   2.400   2.279  +0.121  48.2%   47.4%   0.0025  alive
M15   symmetrical_triangle_breakout_down    194   2.730   2.214  +0.516  48.4%   49.0%   0.0025  alive
M15   demand_zone_touch                2276   2.444   2.277  +0.167  46.8%   47.0%   0.0030  alive
M15   bos_bullish                      2026   2.426   2.267  +0.158  44.9%   47.8%   0.0045  alive
M15   choch_bearish                    2202   2.441   2.299  +0.142  46.4%   46.9%   0.0060  alive
M15   outside_bar_bull                 6684   2.376   2.293  +0.084  46.4%   47.7%   0.0075  alive
H1    outside_bar_bull                 1740   2.728   2.579  +0.148  48.1%   48.5%   0.0120  parked_weak_effect
M15   breaker_resistance_retest        4238   2.384   2.291  +0.093  48.4%   47.4%   0.0125  parked_weak_effect
M15   liquidity_sweep_high              684   2.502   2.278  +0.224  47.4%   46.8%   0.0125  parked_weak_effect
M15   bos_bearish                      1973   2.431   2.289  +0.142  43.7%   46.5%   0.0130  parked_weak_effect
M15   bullish_ob_touch                 2132   2.418   2.291  +0.128  46.8%   46.7%   0.0155  parked_weak_effect
M15   outside_bar_bear                 6483   2.367   2.299  +0.069  45.3%   47.1%   0.0210  parked_weak_effect
M15   entered_premium                  3738   2.405   2.314  +0.091  47.5%   47.0%   0.0215  parked_weak_effect
H1    double_top_completion             222   2.748   2.415  +0.333  53.1%   50.4%   0.0320  parked_weak_effect
M15   morning_star                     2548   2.382   2.292  +0.090  47.8%   48.7%   0.0370  parked_weak_effect
H1    tweezer_bottom                   4189   2.679   2.608  +0.071  50.3%   49.7%   0.0465  parked_weak_effect
M15   inverse_hs_completion             306   2.434   2.188  +0.247  47.4%   47.7%   0.0465  parked_weak_effect
H4    three_white_soldiers               51   3.264   2.491  +0.773  47.1%   45.1%   0.0130  parked_insufficient_n
D1    bull_pin                           84   3.545   2.956  +0.589  52.4%   53.1%   0.0215  parked_insufficient_n
D1    hammer                             79   3.595   2.954  +0.640  54.4%   45.8%   0.0320  parked_insufficient_n
H4    liquidity_sweep_low                23   3.763   2.709  +1.054  60.9%   49.6%   0.0605  parked_insufficient_n
D1    entered_premium                    55   3.320   2.794  +0.526  50.9%   49.8%   0.0615  parked_insufficient_n
H1    ascending_triangle_breakout         5   3.817   2.603  +1.214  60.0%   56.0%   0.0750  parked_insufficient_n
M15   symmetrical_triangle_breakout_up     96   2.488   2.168  +0.320  44.8%   45.4%   0.1039  parked_insufficient_n
D1    breaker_resistance_retest          45   3.257   2.801  +0.456  42.2%   52.0%   0.1054  parked_insufficient_n
D1    ote_tag                            80   3.076   2.740  +0.336  52.5%   47.2%   0.1169  parked_insufficient_n
M15   ascending_triangle_breakout        53   2.457   2.088  +0.368  49.1%   45.7%   0.1199  parked_insufficient_n
D1    trendline_break_retest_bullish     36   3.341   2.858  +0.482  44.4%   41.7%   0.1249  parked_insufficient_n
H4    trendline_liquidity_sweep_high     83   2.539   2.296  +0.243  39.8%   47.2%   0.1309  parked_insufficient_n
H4    falling_wedge_breakout             30   3.196   2.752  +0.444  66.7%   48.7%   0.1409  parked_insufficient_n
D1    double_bottom_completion           19   3.409   2.843  +0.565  47.4%   46.3%   0.1609  parked_insufficient_n
H4    liquidity_sweep_high               26   2.686   2.315  +0.372  57.7%   46.2%   0.1614  parked_insufficient_n
H1    triple_bottom_completion           14   3.831   3.035  +0.795  57.1%   61.4%   0.1624  parked_insufficient_n
H1    descending_triangle_breakout        7   3.704   2.651  +1.053  71.4%   45.7%   0.1659  parked_insufficient_n
H4    equal_lows_pool                    54   2.686   2.396  +0.289  53.7%   50.7%   0.1694  parked_insufficient_n
H4    inverse_hs_completion              28   3.104   2.626  +0.478  57.1%   48.6%   0.1724  parked_insufficient_n
D1    hs_completion                       7   3.273   2.590  +0.683  71.4%   48.6%   0.1784  parked_insufficient_n
D1    fib_ext_1272_tag                   30   3.474   2.967  +0.508  40.0%   52.7%   0.1824  parked_insufficient_n
D1    supply_zone_touch                  15   3.470   2.879  +0.592  60.0%   42.7%   0.1979  parked_insufficient_n
H1    inverse_hs_completion              82   2.757   2.508  +0.249  59.8%   47.8%   0.1999  parked_insufficient_n
D1    shooting_star                      92   3.087   2.870  +0.217  54.4%   46.3%   0.2134  parked_insufficient_n
H4    symmetrical_triangle_breakout_down      5   2.818   2.190  +0.628  40.0%   60.0%   0.2394  parked_insufficient_n
M15   descending_triangle_breakout       52   2.655   2.401  +0.254  40.4%   46.9%   0.2599  parked_insufficient_n
D1    bearish_ob_touch                   16   3.420   3.085  +0.335  56.2%   48.8%   0.2849  parked_insufficient_n
D1    equal_highs_pool                   15   3.699   3.277  +0.421  53.3%   42.7%   0.3003  parked_insufficient_n
H4    equal_highs_pool                   79   2.896   2.773  +0.123  50.6%   50.1%   0.3168  parked_insufficient_n
H1    hs_completion                      89   2.602   2.484  +0.118  64.0%   47.6%   0.3263  parked_insufficient_n
H1    symmetrical_triangle_breakout_up     10   2.873   2.584  +0.289  50.0%   56.0%   0.3533  parked_insufficient_n
D1    bear_flag_breakout                 38   3.091   2.982  +0.109  36.8%   53.2%   0.3698  parked_insufficient_n
D1    ntouch_resistance_touch            41   2.769   2.639  +0.130  51.2%   44.9%   0.3698  parked_insufficient_n
D1    fib_618_tag                        80   3.076   3.014  +0.062  52.5%   49.5%   0.4098  parked_insufficient_n
D1    fib_ext_1618_tag                   14   3.185   3.110  +0.074  35.7%   52.9%   0.4443  parked_insufficient_n
D1    morning_star                       39   3.278   3.257  +0.021  59.0%   48.2%   0.4728  parked_insufficient_n
D1    bos_bullish                        29   3.028   3.079  -0.051  44.8%   50.3%   0.5212  parked_insufficient_n
D1    demand_zone_touch                  26   3.108   3.163  -0.055  53.8%   56.1%   0.5252  parked_insufficient_n
D1    ntouch_support_touch               29   2.555   2.617  -0.062  34.5%   46.9%   0.5417  parked_insufficient_n
D1    fib_786_tag                        70   2.932   3.000  -0.068  52.9%   49.4%   0.5672  parked_insufficient_n
D1    fib_50_tag                         84   2.827   2.900  -0.072  52.4%   50.2%   0.5872  parked_insufficient_n
D1    choch_bearish                      24   2.750   2.876  -0.126  58.3%   44.2%   0.5937  parked_insufficient_n
D1    bullish_ob_touch                   25   3.233   3.466  -0.233  56.0%   48.0%   0.6237  parked_insufficient_n
D1    double_top_completion              12   2.539   2.797  -0.257  58.3%   45.0%   0.6497  parked_insufficient_n
H1    triple_top_completion              27   2.537   2.745  -0.208  37.0%   60.0%   0.6702  parked_insufficient_n
D1    rising_wedge_breakdown              8   2.699   3.144  -0.445  87.5%   52.5%   0.6782  parked_insufficient_n
D1    three_white_soldiers               18   3.017   3.385  -0.367  44.4%   54.4%   0.6887  parked_insufficient_n
D1    trendline_liquidity_sweep_high     19   3.005   3.367  -0.362  57.9%   60.0%   0.6967  parked_insufficient_n
H4    triple_top_completion               5   2.538   3.520  -0.983  60.0%   48.0%   0.7226  parked_insufficient_n
D1    three_black_crows                  13   2.368   2.824  -0.456  53.8%   46.2%   0.7246  parked_insufficient_n
D1    falling_wedge_breakout              3   1.800   2.485  -0.684  33.3%   53.3%   0.7526  parked_insufficient_n
M15   rectangle_breakout_up               2   1.392   2.412  -1.020 100.0%   50.0%   0.7756  parked_insufficient_n
D1    trendline_break_retest_bearish     28   2.536   2.893  -0.357  53.6%   45.7%   0.7826  parked_insufficient_n
H4    double_bottom_completion           56   2.363   2.649  -0.286  55.4%   49.3%   0.7856  parked_insufficient_n
D1    inverse_hs_completion               5   2.001   2.879  -0.878  60.0%   32.0%   0.8036  parked_insufficient_n
D1    fib_382_tag                        70   2.657   2.915  -0.258  45.7%   46.9%   0.8041  parked_insufficient_n
D1    entered_discount                   59   2.786   3.162  -0.375  40.7%   50.2%   0.8161  parked_insufficient_n
M15   rectangle_breakout_down             2   1.288   3.586  -2.298  50.0%   60.0%   0.8211  parked_insufficient_n
H4    hs_completion                      19   1.988   2.556  -0.568  36.8%   46.3%   0.8486  parked_insufficient_n
D1    liquidity_sweep_low                 7   1.892   2.921  -1.028   0.0%   48.6%   0.8616  parked_insufficient_n
H1    rising_wedge_breakdown             95   2.117   2.389  -0.272  50.5%   46.7%   0.8621  parked_insufficient_n
H4    triple_bottom_completion            3   1.400   3.321  -1.921   0.0%   60.0%   0.8766  parked_insufficient_n
D1    evening_star                       29   2.281   2.807  -0.525  58.6%   51.7%   0.8826  parked_insufficient_n
D1    bos_bearish                        20   1.929   2.486  -0.557  60.0%   49.0%   0.8846  parked_insufficient_n
H4    double_top_completion              62   2.365   2.760  -0.395  61.3%   51.3%   0.8926  parked_insufficient_n
H4    trendline_liquidity_sweep_low      83   2.269   2.610  -0.340  56.6%   47.7%   0.9080  parked_insufficient_n
D1    choch_bullish                      24   2.555   3.309  -0.753  41.7%   53.3%   0.9090  parked_insufficient_n
D1    equal_lows_pool                    21   1.942   2.503  -0.561  42.9%   45.7%   0.9115  parked_insufficient_n
D1    trendline_liquidity_sweep_low      11   1.927   3.333  -1.405  27.3%   45.5%   0.9285  parked_insufficient_n
H4    rising_wedge_breakdown             21   1.858   2.475  -0.617  38.1%   57.1%   0.9375  parked_insufficient_n
H1    falling_wedge_breakout             92   2.169   2.554  -0.385  51.1%   48.3%   0.9490  parked_insufficient_n
D1    liquidity_sweep_high                4   1.450   3.163  -1.712  50.0%   65.0%   0.9515  parked_insufficient_n
H1    rectangle_breakout_down             2   1.032   2.946  -1.914  50.0%   70.0%   0.9515  parked_insufficient_n
H1    symmetrical_triangle_breakout_down     34   1.869   2.492  -0.623  38.2%   48.2%   0.9570  parked_insufficient_n
D1    bull_flag_breakout                 35   2.438   3.475  -1.037  28.6%   53.1%   0.9800  parked_insufficient_n
H4    three_black_crows                  56   2.038   2.689  -0.650  39.3%   50.7%   0.9880  parked_insufficient_n
D1    breaker_support_retest             26   1.772   3.046  -1.274  50.0%   54.6%   0.9940  parked_insufficient_n
H1    asia_low_sweep                    860   2.733   2.584  +0.150  45.7%   48.7%   0.0505  dead
H1    tweezer_top                      4039   2.638   2.573  +0.065  47.9%   47.8%   0.0555  dead
M15   hs_completion                     286   2.481   2.269  +0.211  44.1%   46.9%   0.0885  dead
H4    entered_premium                   257   2.615   2.435  +0.180  49.4%   48.4%   0.0915  dead
M15   liquidity_sweep_low               666   2.479   2.344  +0.135  45.1%   47.0%   0.0925  dead
H1    outside_bar_bear                 1695   2.676   2.598  +0.078  48.4%   48.6%   0.0950  dead
H4    evening_star                      134   2.695   2.449  +0.247  52.2%   45.4%   0.1064  dead
M15   equal_lows_pool                  1739   2.341   2.261  +0.079  47.4%   46.4%   0.1084  dead
H1    trendline_support_touch          2399   2.689   2.622  +0.067  50.0%   49.5%   0.1164  dead
H1    fib_382_tag                      1360   2.696   2.610  +0.086  49.8%   49.8%   0.1189  dead
H4    choch_bullish                     138   2.634   2.395  +0.238  48.5%   46.8%   0.1259  dead
H1    bear_engulfing                   3632   2.579   2.530  +0.049  47.6%   48.0%   0.1289  dead
M15   equal_highs_pool                 1725   2.339   2.270  +0.069  45.9%   47.3%   0.1329  dead
H4    tweezer_top                       996   2.545   2.472  +0.073  49.4%   48.5%   0.1339  dead
M15   pwl_touch                        1227   2.345   2.263  +0.082  45.6%   47.2%   0.1389  dead
D1    inversion_fvg_bearish             181   2.973   2.790  +0.183  48.1%   51.6%   0.1394  dead
M15   falling_wedge_breakout            236   2.345   2.188  +0.158  49.6%   47.6%   0.1554  dead
H1    equal_lows_pool                   311   2.727   2.590  +0.137  52.1%   49.0%   0.1609  dead
H1    double_bottom_completion          209   2.816   2.647  +0.169  54.1%   49.5%   0.1914  dead
H1    equal_highs_pool                  297   2.822   2.690  +0.133  48.5%   48.9%   0.1919  dead
H1    liquidity_sweep_low               103   2.715   2.545  +0.170  46.6%   47.6%   0.2099  dead
D1    bear_pin                          111   3.105   2.913  +0.192  55.9%   51.5%   0.2124  dead
H1    trendline_resistance_touch       2501   2.621   2.583  +0.038  49.5%   49.0%   0.2289  dead
M15   pwh_touch                         920   2.315   2.256  +0.058  44.4%   47.2%   0.2319  dead
H4    pwl_touch                         364   2.746   2.646  +0.100  47.5%   48.7%   0.2334  dead
H1    asia_high_sweep                   900   2.688   2.623  +0.065  51.3%   49.8%   0.2339  dead
D1    pwh_touch                         181   2.916   2.798  +0.118  55.8%   50.7%   0.2369  dead
M15   bull_flag_breakout               1741   2.312   2.273  +0.038  44.8%   48.1%   0.2699  dead
D1    bull_engulfing                    169   3.169   3.063  +0.106  54.4%   49.1%   0.2824  dead
H1    fib_50_tag                       1280   2.635   2.599  +0.036  48.2%   48.5%   0.2944  dead
M15   triple_bottom_completion          182   2.392   2.294  +0.098  41.8%   47.0%   0.2949  dead
H4    pdl_touch                        1138   2.668   2.632  +0.036  49.7%   48.6%   0.3008  dead
H4    trendline_break_retest_bearish    149   2.594   2.508  +0.086  46.3%   48.6%   0.3073  dead
M15   evening_star                     2508   2.373   2.346  +0.026  47.0%   47.0%   0.3133  dead
H4    morning_star                      122   2.713   2.630  +0.083  60.7%   46.9%   0.3343  dead
H1    liquidity_sweep_high              117   2.577   2.486  +0.091  51.3%   48.9%   0.3418  dead
H1    bullish_fvg_touch                2452   2.641   2.617  +0.023  50.2%   49.8%   0.3443  dead
H1    shooting_star                    2159   2.535   2.517  +0.018  47.3%   48.4%   0.3623  dead
H4    pwh_touch                         309   2.549   2.507  +0.042  46.3%   48.2%   0.3638  dead
H4    ntouch_resistance_touch           233   2.422   2.387  +0.035  49.8%   45.9%   0.4033  dead
H1    ntouch_resistance_touch           873   2.646   2.625  +0.021  48.7%   48.5%   0.4058  dead
D1    trendline_support_touch           142   3.081   3.034  +0.048  50.7%   51.0%   0.4158  dead
D1    outside_bar_bear                  137   2.716   2.684  +0.032  48.9%   48.2%   0.4163  dead
H4    inversion_fvg_bullish             810   2.638   2.621  +0.017  51.2%   47.8%   0.4173  dead
D1    pwl_touch                         192   3.117   3.082  +0.034  52.6%   50.0%   0.4198  dead
H1    bear_pin                         2486   2.544   2.535  +0.008  47.7%   47.8%   0.4258  dead
D1    sr_flip_support                   117   3.028   2.995  +0.034  43.6%   49.7%   0.4373  dead
H4    bull_engulfing                    901   2.621   2.610  +0.011  48.3%   49.4%   0.4438  dead
M15   sr_flip_resistance              10968   2.314   2.311  +0.004  47.8%   47.3%   0.4503  dead
H4    channel_bottom_touch             1005   2.558   2.554  +0.004  50.4%   48.3%   0.4558  dead
D1    tweezer_bottom                    157   3.083   3.061  +0.023  47.1%   49.4%   0.4638  dead
D1    sr_flip_resistance                104   2.821   2.810  +0.011  43.3%   49.6%   0.4858  dead
H1    entered_discount                  789   2.560   2.558  +0.003  47.3%   49.3%   0.4858  dead
H4    fib_382_tag                       362   2.546   2.544  +0.002  47.5%   48.1%   0.4938  dead
D1    bear_engulfing                    202   2.863   2.878  -0.015  46.5%   47.9%   0.5097  dead
H4    trendline_support_touch           550   2.637   2.648  -0.011  49.1%   47.8%   0.5307  dead
H1    fib_618_tag                      1181   2.584   2.589  -0.005  49.5%   48.0%   0.5317  dead
H1    choch_bearish                     490   2.656   2.671  -0.015  50.2%   49.0%   0.5417  dead
H4    bull_pin                          592   2.604   2.612  -0.007  46.0%   47.5%   0.5432  dead
D1    round_number_touch                465   2.956   2.973  -0.017  50.5%   46.9%   0.5447  dead
M15   bear_engulfing                  15044   2.313   2.316  -0.003  46.4%   46.9%   0.5557  dead
H1    morning_star                      571   2.639   2.656  -0.017  52.0%   51.1%   0.5647  dead
H4    bullish_fvg_touch                 664   2.712   2.729  -0.018  50.7%   48.4%   0.5667  dead
D1    bearish_fvg_touch                 180   2.800   2.832  -0.031  44.4%   49.0%   0.5857  dead
M15   bear_flag_breakout               1810   2.279   2.294  -0.015  46.1%   46.8%   0.5932  dead
H1    fib_786_tag                       880   2.617   2.642  -0.025  50.8%   49.3%   0.6002  dead
H4    tweezer_bottom                   1009   2.585   2.606  -0.021  50.0%   48.6%   0.6047  dead
H1    hammer                           1840   2.635   2.653  -0.018  46.4%   49.8%   0.6052  dead
H4    ntouch_support_touch              213   2.600   2.659  -0.058  48.4%   48.7%   0.6137  dead
H4    inversion_fvg_bearish             734   2.469   2.501  -0.031  50.1%   48.3%   0.6312  dead
H1    bull_engulfing                   3539   2.597   2.614  -0.016  48.2%   49.4%   0.6377  dead
H4    fib_786_tag                       264   2.475   2.526  -0.051  46.6%   48.9%   0.6467  dead
D1    channel_bottom_touch              232   3.137   3.213  -0.076  51.3%   50.3%   0.6527  dead
M15   rising_wedge_breakdown            276   2.157   2.222  -0.065  39.1%   44.8%   0.6602  dead
D1    tweezer_top                       174   2.631   2.711  -0.080  46.6%   49.5%   0.6652  dead
D1    inversion_fvg_bullish             214   2.866   2.952  -0.086  43.5%   48.2%   0.6662  dead
H4    shooting_star                     549   2.443   2.491  -0.048  44.6%   48.5%   0.6812  dead
H4    trendline_break_retest_bullish    182   2.501   2.593  -0.092  52.2%   49.7%   0.6842  dead
H1    ote_tag                          1181   2.584   2.620  -0.036  49.5%   49.4%   0.6852  dead
H1    fib_ext_1272_tag                  742   2.579   2.631  -0.052  47.0%   49.5%   0.6917  dead
M15   bull_pin                        10149   2.274   2.288  -0.014  45.3%   47.5%   0.6982  dead
M15   bull_engulfing                  14626   2.268   2.281  -0.013  45.7%   47.5%   0.7056  dead
H4    fib_50_tag                        357   2.475   2.550  -0.075  47.6%   49.6%   0.7126  dead
H4    bullish_ob_touch                  150   2.442   2.564  -0.122  48.0%   48.8%   0.7291  dead
H4    outside_bar_bull                  586   2.601   2.663  -0.062  50.3%   48.8%   0.7291  dead
H4    hammer                            496   2.601   2.676  -0.074  44.6%   50.3%   0.7421  dead
H1    trendline_liquidity_sweep_low     275   2.482   2.582  -0.101  46.9%   50.3%   0.7476  dead
H4    fib_ext_1618_tag                  100   2.415   2.590  -0.174  46.0%   47.6%   0.7546  dead
M15   bear_pin                        10292   2.283   2.302  -0.018  45.3%   46.9%   0.7581  dead
H1    bull_pin                         2269   2.595   2.634  -0.039  46.4%   49.3%   0.7596  dead
H1    demand_zone_touch                 593   2.487   2.561  -0.074  48.4%   50.9%   0.7621  dead
D1    bullish_fvg_touch                 177   2.949   3.108  -0.159  49.1%   49.8%   0.7726  dead
H4    channel_top_touch                1197   2.470   2.518  -0.048  48.1%   48.6%   0.7776  dead
H1    trendline_break_retest_bearish    677   2.468   2.545  -0.077  48.3%   47.5%   0.7861  dead
H4    ote_tag                           341   2.479   2.592  -0.112  44.3%   47.9%   0.8006  dead
H4    entered_discount                  263   2.432   2.565  -0.133  50.6%   49.7%   0.8276  dead
H4    pdh_touch                        1083   2.451   2.513  -0.062  45.1%   47.8%   0.8311  dead
H4    demand_zone_touch                 168   2.426   2.611  -0.185  47.0%   50.2%   0.8326  dead
H1    trendline_liquidity_sweep_high    323   2.438   2.575  -0.137  49.2%   49.0%   0.8421  dead
H4    bearish_fvg_touch                 726   2.432   2.514  -0.081  50.3%   46.9%   0.8461  dead
H4    fib_618_tag                       341   2.479   2.609  -0.130  44.3%   48.4%   0.8471  dead
H4    bear_flag_breakout                157   2.336   2.509  -0.173  46.5%   50.6%   0.8546  dead
H4    bos_bullish                       129   2.480   2.716  -0.236  53.5%   49.6%   0.8636  dead
H1    channel_bottom_touch             4237   2.579   2.625  -0.046  48.4%   49.5%   0.8666  dead
H1    ntouch_support_touch              838   2.513   2.616  -0.103  47.0%   48.8%   0.8681  dead
H1    bos_bullish                       548   2.614   2.759  -0.144  50.7%   49.5%   0.8761  dead
H4    bear_engulfing                    977   2.435   2.518  -0.083  48.9%   50.2%   0.8841  dead
H4    bearish_ob_touch                  171   2.299   2.496  -0.197  43.9%   48.2%   0.8846  dead
H1    choch_bullish                     490   2.554   2.705  -0.151  50.4%   51.3%   0.8901  dead
H4    sr_flip_support                   665   2.472   2.591  -0.120  47.4%   49.2%   0.8946  dead
H4    bull_flag_breakout                156   2.378   2.645  -0.267  41.0%   46.3%   0.8961  dead
H4    bear_pin                          588   2.431   2.546  -0.115  44.0%   50.5%   0.9005  dead
D1    channel_top_touch                 261   2.641   2.842  -0.201  51.3%   49.6%   0.9010  dead
H4    breaker_support_retest            334   2.395   2.571  -0.176  46.7%   49.6%   0.9155  dead
H1    evening_star                      532   2.359   2.511  -0.151  46.6%   47.7%   0.9240  dead
H1    bull_flag_breakout                511   2.420   2.584  -0.165  45.0%   50.6%   0.9305  dead
H1    trendline_break_retest_bullish    701   2.509   2.657  -0.148  48.2%   51.2%   0.9315  dead
H4    bos_bearish                       138   2.361   2.623  -0.263  45.6%   50.1%   0.9330  dead
H1    bos_bearish                       532   2.465   2.627  -0.163  48.5%   48.0%   0.9390  dead
H4    fib_ext_1272_tag                  184   2.308   2.576  -0.268  47.8%   49.7%   0.9505  dead
H1    pwl_touch                         652   2.403   2.577  -0.173  49.7%   50.5%   0.9650  dead
H4    trendline_resistance_touch        605   2.318   2.491  -0.173  44.5%   47.5%   0.9675  dead
H4    choch_bearish                     137   2.250   2.576  -0.327  46.7%   48.0%   0.9680  dead
H1    sr_flip_support                  2636   2.517   2.608  -0.091  51.2%   49.8%   0.9685  dead
H1    three_black_crows                 318   2.386   2.642  -0.256  49.4%   49.4%   0.9685  dead
H4    outside_bar_bear                  609   2.266   2.436  -0.170  47.8%   48.1%   0.9770  dead
H4    supply_zone_touch                 185   2.356   2.680  -0.324  48.6%   51.3%   0.9795  dead
H1    pdl_touch                        1975   2.523   2.655  -0.132  48.7%   49.6%   0.9840  dead
D1    trendline_resistance_touch        154   2.427   2.844  -0.416  42.9%   48.6%   0.9845  dead
H1    supply_zone_touch                 648   2.353   2.568  -0.214  48.6%   47.4%   0.9850  dead
H1    bearish_fvg_touch                2472   2.470   2.573  -0.104  48.5%   49.1%   0.9860  dead
D1    outside_bar_bull                  135   2.614   3.095  -0.480  54.8%   52.1%   0.9870  dead
M15   round_number_touch                818   2.074   2.272  -0.198  44.6%   46.9%   0.9870  dead
H1    three_white_soldiers              290   2.253   2.571  -0.318  48.6%   47.1%   0.9875  dead
H1    fib_ext_1618_tag                  374   2.319   2.650  -0.331  47.9%   48.7%   0.9895  dead
H4    round_number_touch               1163   2.395   2.560  -0.165  46.9%   47.7%   0.9900  dead
H1    entered_premium                   803   2.394   2.609  -0.215  47.6%   48.9%   0.9930  dead
M15   shooting_star                    8364   2.221   2.291  -0.070  44.9%   47.0%   0.9935  dead
H1    pwh_touch                         532   2.336   2.602  -0.266  48.3%   49.9%   0.9940  dead
H1    inversion_fvg_bullish            2727   2.504   2.631  -0.126  50.3%   50.0%   0.9960  dead
H1    pdh_touch                        1933   2.435   2.588  -0.153  47.9%   48.8%   0.9965  dead
M15   hammer                           8504   2.214   2.289  -0.075  46.2%   47.6%   0.9965  dead
H1    inversion_fvg_bearish            2720   2.441   2.571  -0.130  48.3%   48.3%   0.9975  dead
H4    breaker_resistance_retest         300   2.171   2.545  -0.374  55.7%   47.7%   0.9985  dead
H1    bearish_ob_touch                  606   2.332   2.639  -0.306  48.0%   49.1%   0.9990  dead
H1    bullish_ob_touch                  563   2.392   2.720  -0.328  48.9%   48.7%   0.9990  dead
H1    channel_top_touch                4689   2.482   2.595  -0.113  47.0%   49.0%   0.9990  dead
H4    sr_flip_resistance                636   2.221   2.512  -0.291  48.7%   47.5%   1.0000  dead
H1    bear_flag_breakout                548   2.138   2.547  -0.409  41.2%   49.7%   1.0000  dead
H1    breaker_resistance_retest        1080   2.240   2.594  -0.354  48.1%   48.9%   1.0000  dead
H1    breaker_support_retest           1166   2.239   2.628  -0.389  46.0%   49.9%   1.0000  dead
H1    round_number_touch               1297   2.228   2.640  -0.412  46.7%   50.3%   1.0000  dead
H1    sr_flip_resistance               2623   2.233   2.595  -0.362  50.8%   48.6%   1.0000  dead
M15   tweezer_bottom                  15550   2.138   2.282  -0.144  46.3%   47.6%   1.0000  dead
M15   tweezer_top                     15697   2.164   2.295  -0.131  45.6%   47.1%   1.0000  dead
------------------------------------------------------------------------------------------------
alive=41  dead=155  parked_insufficient_n=77  parked_weak_effect=11

registry: output/stage1_EURUSD_screen_2026-06-12_1334.jsonl
CAVEAT: hypothesis-generating evidence only; verdicts govern what
advances to Stage 2, never what the live agent trades.
